[2018-09-20T00:18:02.300-0800][gc,heap] Heap region size: 1M
[2018-09-20T00:18:02.312-0800][gc     ] Using G1
[2018-09-20T00:18:02.312-0800][gc,heap,coops] Heap address: 0x0000000780000000, size: 1024 MB, Compressed Oops mode: Zero based, Oop shift amount: 3
[2018-09-20T00:18:03.660-0800][gc,start     ] GC(0) Pause Initial Mark (Metadata GC Threshold)
[2018-09-20T00:18:03.660-0800][gc,task      ] GC(0) Using 4 workers of 4 for evacuation
[2018-09-20T00:18:03.667-0800][gc,phases    ] GC(0)   Pre Evacuate Collection Set: 0.0ms
[2018-09-20T00:18:03.667-0800][gc,phases    ] GC(0)   Evacuate Collection Set: 5.9ms
[2018-09-20T00:18:03.667-0800][gc,phases    ] GC(0)   Post Evacuate Collection Set: 0.3ms
[2018-09-20T00:18:03.667-0800][gc,phases    ] GC(0)   Other: 0.3ms
[2018-09-20T00:18:03.667-0800][gc,heap      ] GC(0) Eden regions: 38->0(44)
[2018-09-20T00:18:03.667-0800][gc,heap      ] GC(0) Survivor regions: 0->7(7)
[2018-09-20T00:18:03.667-0800][gc,heap      ] GC(0) Old regions: 0->0
[2018-09-20T00:18:03.667-0800][gc,heap      ] GC(0) Humongous regions: 0->0
[2018-09-20T00:18:03.667-0800][gc,metaspace ] GC(0) Metaspace: 20620K->20620K(1069056K)
[2018-09-20T00:18:03.667-0800][gc           ] GC(0) Pause Initial Mark (Metadata GC Threshold) 38M->6M(1024M) 6.683ms
[2018-09-20T00:18:03.667-0800][gc,cpu       ] GC(0) User=0.03s Sys=0.00s Real=0.00s
[2018-09-20T00:18:03.667-0800][gc           ] GC(1) Concurrent Cycle
[2018-09-20T00:18:03.667-0800][gc,marking   ] GC(1) Concurrent Clear Claimed Marks
[2018-09-20T00:18:03.667-0800][gc,marking   ] GC(1) Concurrent Clear Claimed Marks 0.035ms
[2018-09-20T00:18:03.667-0800][gc,marking   ] GC(1) Concurrent Scan Root Regions
[2018-09-20T00:18:03.670-0800][gc,marking   ] GC(1) Concurrent Scan Root Regions 2.883ms
[2018-09-20T00:18:03.670-0800][gc,marking   ] GC(1) Concurrent Mark (1.380s)
[2018-09-20T00:18:03.670-0800][gc,marking   ] GC(1) Concurrent Mark From Roots
[2018-09-20T00:18:03.670-0800][gc,task      ] GC(1) Using 1 workers of 1 for marking
[2018-09-20T00:18:03.670-0800][gc,marking   ] GC(1) Concurrent Mark From Roots 0.154ms
[2018-09-20T00:18:03.670-0800][gc,marking   ] GC(1) Concurrent Mark (1.380s, 1.380s) 0.194ms
[2018-09-20T00:18:03.670-0800][gc,start     ] GC(1) Pause Remark
[2018-09-20T00:18:03.673-0800][gc,stringtable] GC(1) Cleaned string and symbol table, strings: 8074 processed, 0 removed, symbols: 64579 processed, 42 removed
[2018-09-20T00:18:03.673-0800][gc            ] GC(1) Pause Remark 6M->6M(1024M) 2.908ms
[2018-09-20T00:18:03.673-0800][gc,cpu        ] GC(1) User=0.00s Sys=0.00s Real=0.00s
[2018-09-20T00:18:03.673-0800][gc,marking    ] GC(1) Concurrent Create Live Data
[2018-09-20T00:18:03.673-0800][gc,marking    ] GC(1) Concurrent Create Live Data 0.068ms
[2018-09-20T00:18:03.673-0800][gc,start      ] GC(1) Pause Cleanup
[2018-09-20T00:18:03.674-0800][gc            ] GC(1) Pause Cleanup 6M->6M(1024M) 0.441ms
[2018-09-20T00:18:03.674-0800][gc,cpu        ] GC(1) User=0.01s Sys=0.00s Real=0.00s
[2018-09-20T00:18:03.674-0800][gc,marking    ] GC(1) Concurrent Cleanup for Next Mark
[2018-09-20T00:18:03.681-0800][gc,marking    ] GC(1) Concurrent Cleanup for Next Mark 7.310ms
[2018-09-20T00:18:03.681-0800][gc            ] GC(1) Concurrent Cycle 14.292ms
[2018-09-20T00:18:04.777-0800][gc,start      ] GC(2) Pause Young (G1 Evacuation Pause)
[2018-09-20T00:18:04.777-0800][gc,task       ] GC(2) Using 4 workers of 4 for evacuation
[2018-09-20T00:18:04.786-0800][gc,phases     ] GC(2)   Pre Evacuate Collection Set: 0.0ms
[2018-09-20T00:18:04.786-0800][gc,phases     ] GC(2)   Evacuate Collection Set: 8.4ms
[2018-09-20T00:18:04.786-0800][gc,phases     ] GC(2)   Post Evacuate Collection Set: 0.5ms
[2018-09-20T00:18:04.786-0800][gc,phases     ] GC(2)   Other: 0.3ms
[2018-09-20T00:18:04.786-0800][gc,heap       ] GC(2) Eden regions: 44->0(48)
[2018-09-20T00:18:04.786-0800][gc,heap       ] GC(2) Survivor regions: 7->3(7)
[2018-09-20T00:18:04.786-0800][gc,heap       ] GC(2) Old regions: 0->7
[2018-09-20T00:18:04.786-0800][gc,heap       ] GC(2) Humongous regions: 129->129
[2018-09-20T00:18:04.786-0800][gc,metaspace  ] GC(2) Metaspace: 29917K->29917K(1077248K)
[2018-09-20T00:18:04.786-0800][gc            ] GC(2) Pause Young (G1 Evacuation Pause) 179M->137M(1024M) 9.285ms
[2018-09-20T00:18:04.786-0800][gc,cpu        ] GC(2) User=0.03s Sys=0.00s Real=0.01s
[2018-09-20T00:18:05.188-0800][gc,start      ] GC(3) Pause Initial Mark (GCLocker Initiated GC)
[2018-09-20T00:18:05.188-0800][gc,task       ] GC(3) Using 4 workers of 4 for evacuation
[2018-09-20T00:18:05.192-0800][gc,phases     ] GC(3)   Pre Evacuate Collection Set: 0.1ms
[2018-09-20T00:18:05.193-0800][gc,phases     ] GC(3)   Evacuate Collection Set: 3.9ms
[2018-09-20T00:18:05.193-0800][gc,phases     ] GC(3)   Post Evacuate Collection Set: 0.2ms
[2018-09-20T00:18:05.193-0800][gc,phases     ] GC(3)   Other: 0.3ms
[2018-09-20T00:18:05.193-0800][gc,heap       ] GC(3) Eden regions: 26->0(46)
[2018-09-20T00:18:05.193-0800][gc,heap       ] GC(3) Survivor regions: 3->5(7)
[2018-09-20T00:18:05.193-0800][gc,heap       ] GC(3) Old regions: 7->7
[2018-09-20T00:18:05.193-0800][gc,heap       ] GC(3) Humongous regions: 129->129
[2018-09-20T00:18:05.193-0800][gc,metaspace  ] GC(3) Metaspace: 34668K->34668K(1081344K)
[2018-09-20T00:18:05.193-0800][gc            ] GC(3) Pause Initial Mark (GCLocker Initiated GC) 163M->139M(1024M) 4.670ms
[2018-09-20T00:18:05.193-0800][gc,cpu        ] GC(3) User=0.01s Sys=0.00s Real=0.01s
[2018-09-20T00:18:05.193-0800][gc            ] GC(4) Concurrent Cycle
[2018-09-20T00:18:05.193-0800][gc,marking    ] GC(4) Concurrent Clear Claimed Marks
[2018-09-20T00:18:05.193-0800][gc,marking    ] GC(4) Concurrent Clear Claimed Marks 0.062ms
[2018-09-20T00:18:05.193-0800][gc,marking    ] GC(4) Concurrent Scan Root Regions
[2018-09-20T00:18:05.196-0800][gc,marking    ] GC(4) Concurrent Scan Root Regions 3.182ms
[2018-09-20T00:18:05.196-0800][gc,marking    ] GC(4) Concurrent Mark (2.906s)
[2018-09-20T00:18:05.196-0800][gc,marking    ] GC(4) Concurrent Mark From Roots
[2018-09-20T00:18:05.196-0800][gc,task       ] GC(4) Using 1 workers of 1 for marking
[2018-09-20T00:18:05.206-0800][gc,marking    ] GC(4) Concurrent Mark From Roots 9.701ms
[2018-09-20T00:18:05.206-0800][gc,marking    ] GC(4) Concurrent Mark (2.906s, 2.916s) 9.754ms
[2018-09-20T00:18:05.206-0800][gc,start      ] GC(4) Pause Remark
[2018-09-20T00:18:05.210-0800][gc,stringtable] GC(4) Cleaned string and symbol table, strings: 12281 processed, 7 removed, symbols: 98645 processed, 24 removed
[2018-09-20T00:18:05.210-0800][gc            ] GC(4) Pause Remark 140M->140M(1024M) 4.473ms
[2018-09-20T00:18:05.210-0800][gc,cpu        ] GC(4) User=0.02s Sys=0.00s Real=0.01s
[2018-09-20T00:18:05.210-0800][gc,marking    ] GC(4) Concurrent Create Live Data
[2018-09-20T00:18:05.212-0800][gc,marking    ] GC(4) Concurrent Create Live Data 1.797ms
[2018-09-20T00:18:05.212-0800][gc,start      ] GC(4) Pause Cleanup
[2018-09-20T00:18:05.213-0800][gc            ] GC(4) Pause Cleanup 140M->140M(1024M) 0.331ms
[2018-09-20T00:18:05.213-0800][gc,cpu        ] GC(4) User=0.00s Sys=0.00s Real=0.00s
[2018-09-20T00:18:05.213-0800][gc,marking    ] GC(4) Concurrent Cleanup for Next Mark
[2018-09-20T00:18:05.221-0800][gc,marking    ] GC(4) Concurrent Cleanup for Next Mark 8.538ms
[2018-09-20T00:18:05.221-0800][gc            ] GC(4) Concurrent Cycle 28.703ms
[2018-09-20T00:19:10.534-0800][gc,start      ] GC(5) Pause Young (G1 Evacuation Pause)
[2018-09-20T00:19:10.534-0800][gc,task       ] GC(5) Using 4 workers of 4 for evacuation
[2018-09-20T00:19:10.545-0800][gc,phases     ] GC(5)   Pre Evacuate Collection Set: 0.0ms
[2018-09-20T00:19:10.545-0800][gc,phases     ] GC(5)   Evacuate Collection Set: 9.9ms
[2018-09-20T00:19:10.545-0800][gc,phases     ] GC(5)   Post Evacuate Collection Set: 0.4ms
[2018-09-20T00:19:10.545-0800][gc,phases     ] GC(5)   Other: 0.6ms
[2018-09-20T00:19:10.545-0800][gc,heap       ] GC(5) Eden regions: 46->0(47)
[2018-09-20T00:19:10.545-0800][gc,heap       ] GC(5) Survivor regions: 5->4(7)
[2018-09-20T00:19:10.545-0800][gc,heap       ] GC(5) Old regions: 7->9
[2018-09-20T00:19:10.545-0800][gc,heap       ] GC(5) Humongous regions: 147->129
[2018-09-20T00:19:10.545-0800][gc,metaspace  ] GC(5) Metaspace: 38260K->38260K(1083392K)
[2018-09-20T00:19:10.545-0800][gc            ] GC(5) Pause Young (G1 Evacuation Pause) 203M->140M(1024M) 11.141ms
[2018-09-20T00:19:10.545-0800][gc,cpu        ] GC(5) User=0.03s Sys=0.00s Real=0.01s
[2018-09-20T00:37:39.130-0800][gc,start      ] GC(6) Pause Young (G1 Evacuation Pause)
[2018-09-20T00:37:39.131-0800][gc,task       ] GC(6) Using 4 workers of 4 for evacuation
[2018-09-20T00:37:39.138-0800][gc,phases     ] GC(6)   Pre Evacuate Collection Set: 0.0ms
[2018-09-20T00:37:39.138-0800][gc,phases     ] GC(6)   Evacuate Collection Set: 7.2ms
[2018-09-20T00:37:39.138-0800][gc,phases     ] GC(6)   Post Evacuate Collection Set: 0.2ms
[2018-09-20T00:37:39.138-0800][gc,phases     ] GC(6)   Other: 0.5ms
[2018-09-20T00:37:39.138-0800][gc,heap       ] GC(6) Eden regions: 47->0(47)
[2018-09-20T00:37:39.138-0800][gc,heap       ] GC(6) Survivor regions: 4->4(7)
[2018-09-20T00:37:39.138-0800][gc,heap       ] GC(6) Old regions: 9->9
[2018-09-20T00:37:39.138-0800][gc,heap       ] GC(6) Humongous regions: 129->129
[2018-09-20T00:37:39.138-0800][gc,metaspace  ] GC(6) Metaspace: 39500K->39500K(1085440K)
[2018-09-20T00:37:39.139-0800][gc            ] GC(6) Pause Young (G1 Evacuation Pause) 187M->140M(1024M) 8.158ms
[2018-09-20T00:37:39.139-0800][gc,cpu        ] GC(6) User=0.03s Sys=0.00s Real=0.00s
[2018-09-20T01:00:45.552-0800][gc,start      ] GC(7) Pause Young (G1 Evacuation Pause)
[2018-09-20T01:00:45.552-0800][gc,task       ] GC(7) Using 4 workers of 4 for evacuation
[2018-09-20T01:00:45.559-0800][gc,phases     ] GC(7)   Pre Evacuate Collection Set: 0.0ms
[2018-09-20T01:00:45.559-0800][gc,phases     ] GC(7)   Evacuate Collection Set: 6.2ms
[2018-09-20T01:00:45.559-0800][gc,phases     ] GC(7)   Post Evacuate Collection Set: 0.2ms
[2018-09-20T01:00:45.559-0800][gc,phases     ] GC(7)   Other: 0.4ms
[2018-09-20T01:00:45.559-0800][gc,heap       ] GC(7) Eden regions: 47->0(47)
[2018-09-20T01:00:45.559-0800][gc,heap       ] GC(7) Survivor regions: 4->4(7)
[2018-09-20T01:00:45.559-0800][gc,heap       ] GC(7) Old regions: 9->9
[2018-09-20T01:00:45.559-0800][gc,heap       ] GC(7) Humongous regions: 129->129
[2018-09-20T01:00:45.559-0800][gc,metaspace  ] GC(7) Metaspace: 39601K->39601K(1085440K)
[2018-09-20T01:00:45.559-0800][gc            ] GC(7) Pause Young (G1 Evacuation Pause) 187M->140M(1024M) 7.059ms
[2018-09-20T01:00:45.559-0800][gc,cpu        ] GC(7) User=0.02s Sys=0.00s Real=0.00s
[2018-09-20T19:33:53.080-0800][gc,start      ] GC(8) Pause Young (G1 Evacuation Pause)
[2018-09-20T19:33:53.081-0800][gc,task       ] GC(8) Using 4 workers of 4 for evacuation
[2018-09-20T19:33:53.123-0800][gc,mmu        ] GC(8) MMU target violated: 21.0ms (20.0ms/21.0ms)
[2018-09-20T19:33:53.123-0800][gc,phases     ] GC(8)   Pre Evacuate Collection Set: 4.6ms
[2018-09-20T19:33:53.123-0800][gc,phases     ] GC(8)   Evacuate Collection Set: 33.8ms
[2018-09-20T19:33:53.123-0800][gc,phases     ] GC(8)   Post Evacuate Collection Set: 0.5ms
[2018-09-20T19:33:53.123-0800][gc,phases     ] GC(8)   Other: 5.9ms
[2018-09-20T19:33:53.123-0800][gc,heap       ] GC(8) Eden regions: 47->0(47)
[2018-09-20T19:33:53.123-0800][gc,heap       ] GC(8) Survivor regions: 4->4(7)
[2018-09-20T19:33:53.123-0800][gc,heap       ] GC(8) Old regions: 9->9
[2018-09-20T19:33:53.123-0800][gc,heap       ] GC(8) Humongous regions: 129->129
[2018-09-20T19:33:53.123-0800][gc,metaspace  ] GC(8) Metaspace: 40103K->40103K(1085440K)
[2018-09-20T19:33:53.123-0800][gc            ] GC(8) Pause Young (G1 Evacuation Pause) 187M->140M(1024M) 43.776ms
[2018-09-20T19:33:53.123-0800][gc,cpu        ] GC(8) User=0.02s Sys=0.04s Real=0.04s
[2018-09-20T21:17:16.865-0800][gc,start      ] GC(9) Pause Young (G1 Evacuation Pause)
[2018-09-20T21:17:16.867-0800][gc,task       ] GC(9) Using 4 workers of 4 for evacuation
[2018-09-20T21:17:16.883-0800][gc,phases     ] GC(9)   Pre Evacuate Collection Set: 1.4ms
[2018-09-20T21:17:16.883-0800][gc,phases     ] GC(9)   Evacuate Collection Set: 13.6ms
[2018-09-20T21:17:16.883-0800][gc,phases     ] GC(9)   Post Evacuate Collection Set: 0.3ms
[2018-09-20T21:17:16.883-0800][gc,phases     ] GC(9)   Other: 2.4ms
[2018-09-20T21:17:16.883-0800][gc,heap       ] GC(9) Eden regions: 47->0(47)
[2018-09-20T21:17:16.883-0800][gc,heap       ] GC(9) Survivor regions: 4->4(7)
[2018-09-20T21:17:16.883-0800][gc,heap       ] GC(9) Old regions: 9->9
[2018-09-20T21:17:16.883-0800][gc,heap       ] GC(9) Humongous regions: 129->129
[2018-09-20T21:17:16.883-0800][gc,metaspace  ] GC(9) Metaspace: 40398K->40398K(1085440K)
[2018-09-20T21:17:16.883-0800][gc            ] GC(9) Pause Young (G1 Evacuation Pause) 187M->140M(1024M) 17.806ms
[2018-09-20T21:17:16.883-0800][gc,cpu        ] GC(9) User=0.03s Sys=0.03s Real=0.02s
[2018-09-21T21:27:16.110-0800][gc,start      ] GC(10) Pause Young (G1 Evacuation Pause)
[2018-09-21T21:27:16.110-0800][gc,task       ] GC(10) Using 4 workers of 4 for evacuation
[2018-09-21T21:27:16.137-0800][gc,mmu        ] GC(10) MMU target violated: 21.0ms (20.0ms/21.0ms)
[2018-09-21T21:27:16.138-0800][gc,phases     ] GC(10)   Pre Evacuate Collection Set: 2.9ms
[2018-09-21T21:27:16.138-0800][gc,phases     ] GC(10)   Evacuate Collection Set: 22.4ms
[2018-09-21T21:27:16.138-0800][gc,phases     ] GC(10)   Post Evacuate Collection Set: 0.4ms
[2018-09-21T21:27:16.138-0800][gc,phases     ] GC(10)   Other: 3.5ms
[2018-09-21T21:27:16.138-0800][gc,heap       ] GC(10) Eden regions: 47->0(47)
[2018-09-21T21:27:16.138-0800][gc,heap       ] GC(10) Survivor regions: 4->4(7)
[2018-09-21T21:27:16.138-0800][gc,heap       ] GC(10) Old regions: 9->9
[2018-09-21T21:27:16.138-0800][gc,heap       ] GC(10) Humongous regions: 129->129
[2018-09-21T21:27:16.138-0800][gc,metaspace  ] GC(10) Metaspace: 40584K->40584K(1087488K)
[2018-09-21T21:27:16.138-0800][gc            ] GC(10) Pause Young (G1 Evacuation Pause) 187M->140M(1024M) 28.255ms
[2018-09-21T21:27:16.138-0800][gc,cpu        ] GC(10) User=0.02s Sys=0.04s Real=0.03s
[2018-09-21T22:01:11.606-0800][gc,start      ] GC(11) Pause Young (G1 Evacuation Pause)
[2018-09-21T22:01:11.608-0800][gc,task       ] GC(11) Using 4 workers of 4 for evacuation
[2018-09-21T22:01:11.616-0800][gc,phases     ] GC(11)   Pre Evacuate Collection Set: 0.0ms
[2018-09-21T22:01:11.616-0800][gc,phases     ] GC(11)   Evacuate Collection Set: 6.6ms
[2018-09-21T22:01:11.616-0800][gc,phases     ] GC(11)   Post Evacuate Collection Set: 0.3ms
[2018-09-21T22:01:11.616-0800][gc,phases     ] GC(11)   Other: 2.2ms
[2018-09-21T22:01:11.616-0800][gc,heap       ] GC(11) Eden regions: 47->0(47)
[2018-09-21T22:01:11.616-0800][gc,heap       ] GC(11) Survivor regions: 4->4(7)
[2018-09-21T22:01:11.616-0800][gc,heap       ] GC(11) Old regions: 9->9
[2018-09-21T22:01:11.616-0800][gc,heap       ] GC(11) Humongous regions: 129->129
[2018-09-21T22:01:11.616-0800][gc,metaspace  ] GC(11) Metaspace: 40609K->40609K(1087488K)
[2018-09-21T22:01:11.616-0800][gc            ] GC(11) Pause Young (G1 Evacuation Pause) 187M->140M(1024M) 9.329ms
[2018-09-21T22:01:11.616-0800][gc,cpu        ] GC(11) User=0.03s Sys=0.00s Real=0.01s
[2018-09-21T22:24:49.881-0800][gc,start      ] GC(12) Pause Young (G1 Evacuation Pause)
[2018-09-21T22:24:49.881-0800][gc,task       ] GC(12) Using 4 workers of 4 for evacuation
[2018-09-21T22:24:49.886-0800][gc,phases     ] GC(12)   Pre Evacuate Collection Set: 0.0ms
[2018-09-21T22:24:49.886-0800][gc,phases     ] GC(12)   Evacuate Collection Set: 4.7ms
[2018-09-21T22:24:49.886-0800][gc,phases     ] GC(12)   Post Evacuate Collection Set: 0.3ms
[2018-09-21T22:24:49.886-0800][gc,phases     ] GC(12)   Other: 0.3ms
[2018-09-21T22:24:49.886-0800][gc,heap       ] GC(12) Eden regions: 47->0(47)
[2018-09-21T22:24:49.886-0800][gc,heap       ] GC(12) Survivor regions: 4->4(7)
[2018-09-21T22:24:49.886-0800][gc,heap       ] GC(12) Old regions: 9->9
[2018-09-21T22:24:49.886-0800][gc,heap       ] GC(12) Humongous regions: 129->129
[2018-09-21T22:24:49.886-0800][gc,metaspace  ] GC(12) Metaspace: 40625K->40625K(1087488K)
[2018-09-21T22:24:49.886-0800][gc            ] GC(12) Pause Young (G1 Evacuation Pause) 187M->141M(1024M) 5.434ms
[2018-09-21T22:24:49.886-0800][gc,cpu        ] GC(12) User=0.02s Sys=0.00s Real=0.00s
[2018-09-21T22:48:12.564-0800][gc,start      ] GC(13) Pause Young (G1 Evacuation Pause)
[2018-09-21T22:48:12.566-0800][gc,task       ] GC(13) Using 4 workers of 4 for evacuation
[2018-09-21T22:48:12.571-0800][gc,phases     ] GC(13)   Pre Evacuate Collection Set: 0.1ms
[2018-09-21T22:48:12.571-0800][gc,phases     ] GC(13)   Evacuate Collection Set: 4.6ms
[2018-09-21T22:48:12.571-0800][gc,phases     ] GC(13)   Post Evacuate Collection Set: 0.3ms
[2018-09-21T22:48:12.571-0800][gc,phases     ] GC(13)   Other: 1.9ms
[2018-09-21T22:48:12.571-0800][gc,heap       ] GC(13) Eden regions: 47->0(52)
[2018-09-21T22:48:12.571-0800][gc,heap       ] GC(13) Survivor regions: 4->4(7)
[2018-09-21T22:48:12.571-0800][gc,heap       ] GC(13) Old regions: 9->9
[2018-09-21T22:48:12.571-0800][gc,heap       ] GC(13) Humongous regions: 129->129
[2018-09-21T22:48:12.571-0800][gc,metaspace  ] GC(13) Metaspace: 40659K->40659K(1087488K)
[2018-09-21T22:48:12.571-0800][gc            ] GC(13) Pause Young (G1 Evacuation Pause) 188M->140M(1024M) 6.966ms
[2018-09-21T22:48:12.571-0800][gc,cpu        ] GC(13) User=0.02s Sys=0.00s Real=0.01s
[2018-09-21T23:14:11.450-0800][gc,start      ] GC(14) Pause Young (G1 Evacuation Pause)
[2018-09-21T23:14:11.451-0800][gc,task       ] GC(14) Using 4 workers of 4 for evacuation
[2018-09-21T23:14:11.457-0800][gc,phases     ] GC(14)   Pre Evacuate Collection Set: 0.0ms
[2018-09-21T23:14:11.457-0800][gc,phases     ] GC(14)   Evacuate Collection Set: 5.8ms
[2018-09-21T23:14:11.457-0800][gc,phases     ] GC(14)   Post Evacuate Collection Set: 0.3ms
[2018-09-21T23:14:11.457-0800][gc,phases     ] GC(14)   Other: 0.9ms
[2018-09-21T23:14:11.457-0800][gc,heap       ] GC(14) Eden regions: 52->0(56)
[2018-09-21T23:14:11.457-0800][gc,heap       ] GC(14) Survivor regions: 4->4(7)
[2018-09-21T23:14:11.457-0800][gc,heap       ] GC(14) Old regions: 9->9
[2018-09-21T23:14:11.457-0800][gc,heap       ] GC(14) Humongous regions: 129->129
[2018-09-21T23:14:11.457-0800][gc,metaspace  ] GC(14) Metaspace: 40661K->40661K(1087488K)
[2018-09-21T23:14:11.457-0800][gc            ] GC(14) Pause Young (G1 Evacuation Pause) 192M->140M(1024M) 7.097ms
[2018-09-21T23:14:11.457-0800][gc,cpu        ] GC(14) User=0.02s Sys=0.00s Real=0.00s
[2018-09-21T23:42:25.950-0800][gc,start      ] GC(15) Pause Young (G1 Evacuation Pause)
[2018-09-21T23:42:25.952-0800][gc,task       ] GC(15) Using 4 workers of 4 for evacuation
[2018-09-21T23:42:25.961-0800][gc,phases     ] GC(15)   Pre Evacuate Collection Set: 0.1ms
[2018-09-21T23:42:25.961-0800][gc,phases     ] GC(15)   Evacuate Collection Set: 7.7ms
[2018-09-21T23:42:25.961-0800][gc,phases     ] GC(15)   Post Evacuate Collection Set: 0.3ms
[2018-09-21T23:42:25.961-0800][gc,phases     ] GC(15)   Other: 2.2ms
[2018-09-21T23:42:25.961-0800][gc,heap       ] GC(15) Eden regions: 56->0(61)
[2018-09-21T23:42:25.961-0800][gc,heap       ] GC(15) Survivor regions: 4->4(8)
[2018-09-21T23:42:25.961-0800][gc,heap       ] GC(15) Old regions: 9->9
[2018-09-21T23:42:25.961-0800][gc,heap       ] GC(15) Humongous regions: 129->129
[2018-09-21T23:42:25.961-0800][gc,metaspace  ] GC(15) Metaspace: 40675K->40675K(1087488K)
[2018-09-21T23:42:25.961-0800][gc            ] GC(15) Pause Young (G1 Evacuation Pause) 196M->140M(1024M) 10.450ms
[2018-09-21T23:42:25.961-0800][gc,cpu        ] GC(15) User=0.02s Sys=0.01s Real=0.01s
[2018-09-22T00:13:11.468-0800][gc,start      ] GC(16) Pause Young (G1 Evacuation Pause)
[2018-09-22T00:13:11.471-0800][gc,task       ] GC(16) Using 4 workers of 4 for evacuation
[2018-09-22T00:13:11.480-0800][gc,phases     ] GC(16)   Pre Evacuate Collection Set: 0.0ms
[2018-09-22T00:13:11.480-0800][gc,phases     ] GC(16)   Evacuate Collection Set: 7.9ms
[2018-09-22T00:13:11.480-0800][gc,phases     ] GC(16)   Post Evacuate Collection Set: 0.3ms
[2018-09-22T00:13:11.480-0800][gc,phases     ] GC(16)   Other: 3.7ms
[2018-09-22T00:13:11.480-0800][gc,heap       ] GC(16) Eden regions: 61->0(67)
[2018-09-22T00:13:11.480-0800][gc,heap       ] GC(16) Survivor regions: 4->4(9)
[2018-09-22T00:13:11.480-0800][gc,heap       ] GC(16) Old regions: 9->9
[2018-09-22T00:13:11.480-0800][gc,heap       ] GC(16) Humongous regions: 129->129
[2018-09-22T00:13:11.480-0800][gc,metaspace  ] GC(16) Metaspace: 40687K->40687K(1087488K)
[2018-09-22T00:13:11.480-0800][gc            ] GC(16) Pause Young (G1 Evacuation Pause) 201M->140M(1024M) 12.109ms
[2018-09-22T00:13:11.480-0800][gc,cpu        ] GC(16) User=0.03s Sys=0.00s Real=0.02s
[2018-09-22T14:14:07.218-0800][gc,start      ] GC(17) Pause Young (G1 Evacuation Pause)
[2018-09-22T14:14:07.219-0800][gc,task       ] GC(17) Using 4 workers of 4 for evacuation
[2018-09-22T14:14:07.241-0800][gc,mmu        ] GC(17) MMU target violated: 20.2ms (20.0ms/21.0ms)
[2018-09-22T14:14:07.241-0800][gc,phases     ] GC(17)   Pre Evacuate Collection Set: 3.5ms
[2018-09-22T14:14:07.241-0800][gc,phases     ] GC(17)   Evacuate Collection Set: 15.4ms
[2018-09-22T14:14:07.241-0800][gc,phases     ] GC(17)   Post Evacuate Collection Set: 0.4ms
[2018-09-22T14:14:07.241-0800][gc,phases     ] GC(17)   Other: 6.7ms
[2018-09-22T14:14:07.241-0800][gc,heap       ] GC(17) Eden regions: 67->0(71)
[2018-09-22T14:14:07.241-0800][gc,heap       ] GC(17) Survivor regions: 4->4(9)
[2018-09-22T14:14:07.241-0800][gc,heap       ] GC(17) Old regions: 9->9
[2018-09-22T14:14:07.241-0800][gc,heap       ] GC(17) Humongous regions: 129->129
[2018-09-22T14:14:07.241-0800][gc,metaspace  ] GC(17) Metaspace: 40770K->40770K(1087488K)
[2018-09-22T14:14:07.241-0800][gc            ] GC(17) Pause Young (G1 Evacuation Pause) 207M->141M(1024M) 23.130ms
[2018-09-22T14:14:07.241-0800][gc,cpu        ] GC(17) User=0.03s Sys=0.03s Real=0.03s
[2018-09-22T14:50:55.328-0800][gc,start      ] GC(18) Pause Young (G1 Evacuation Pause)
[2018-09-22T14:50:55.330-0800][gc,task       ] GC(18) Using 4 workers of 4 for evacuation
[2018-09-22T14:50:55.338-0800][gc,phases     ] GC(18)   Pre Evacuate Collection Set: 0.0ms
[2018-09-22T14:50:55.338-0800][gc,phases     ] GC(18)   Evacuate Collection Set: 7.0ms
[2018-09-22T14:50:55.338-0800][gc,phases     ] GC(18)   Post Evacuate Collection Set: 0.3ms
[2018-09-22T14:50:55.338-0800][gc,phases     ] GC(18)   Other: 2.1ms
[2018-09-22T14:50:55.338-0800][gc,heap       ] GC(18) Eden regions: 71->0(75)
[2018-09-22T14:50:55.338-0800][gc,heap       ] GC(18) Survivor regions: 4->4(10)
[2018-09-22T14:50:55.338-0800][gc,heap       ] GC(18) Old regions: 9->9
[2018-09-22T14:50:55.338-0800][gc,heap       ] GC(18) Humongous regions: 129->129
[2018-09-22T14:50:55.338-0800][gc,metaspace  ] GC(18) Metaspace: 40800K->40800K(1087488K)
[2018-09-22T14:50:55.338-0800][gc            ] GC(18) Pause Young (G1 Evacuation Pause) 212M->140M(1024M) 9.650ms
[2018-09-22T14:50:55.338-0800][gc,cpu        ] GC(18) User=0.02s Sys=0.01s Real=0.01s
[2018-09-22T15:28:46.766-0800][gc,start      ] GC(19) Pause Young (G1 Evacuation Pause)
[2018-09-22T15:28:46.768-0800][gc,task       ] GC(19) Using 4 workers of 4 for evacuation
[2018-09-22T15:28:46.776-0800][gc,phases     ] GC(19)   Pre Evacuate Collection Set: 0.0ms
[2018-09-22T15:28:46.776-0800][gc,phases     ] GC(19)   Evacuate Collection Set: 7.3ms
[2018-09-22T15:28:46.776-0800][gc,phases     ] GC(19)   Post Evacuate Collection Set: 0.3ms
[2018-09-22T15:28:46.776-0800][gc,phases     ] GC(19)   Other: 2.2ms
[2018-09-22T15:28:46.776-0800][gc,heap       ] GC(19) Eden regions: 75->0(82)
[2018-09-22T15:28:46.776-0800][gc,heap       ] GC(19) Survivor regions: 4->2(10)
[2018-09-22T15:28:46.776-0800][gc,heap       ] GC(19) Old regions: 9->10
[2018-09-22T15:28:46.776-0800][gc,heap       ] GC(19) Humongous regions: 129->129
[2018-09-22T15:28:46.776-0800][gc,metaspace  ] GC(19) Metaspace: 40800K->40800K(1087488K)
[2018-09-22T15:28:46.776-0800][gc            ] GC(19) Pause Young (G1 Evacuation Pause) 215M->140M(1024M) 9.849ms
[2018-09-22T15:28:46.776-0800][gc,cpu        ] GC(19) User=0.03s Sys=0.00s Real=0.01s
[2018-09-22T16:17:39.712-0800][gc,start      ] GC(20) Pause Young (G1 Evacuation Pause)
[2018-09-22T16:17:39.714-0800][gc,task       ] GC(20) Using 4 workers of 4 for evacuation
[2018-09-22T16:17:39.721-0800][gc,phases     ] GC(20)   Pre Evacuate Collection Set: 0.1ms
[2018-09-22T16:17:39.721-0800][gc,phases     ] GC(20)   Evacuate Collection Set: 6.2ms
[2018-09-22T16:17:39.721-0800][gc,phases     ] GC(20)   Post Evacuate Collection Set: 0.3ms
[2018-09-22T16:17:39.721-0800][gc,phases     ] GC(20)   Other: 2.4ms
[2018-09-22T16:17:39.721-0800][gc,heap       ] GC(20) Eden regions: 79->0(84)
[2018-09-22T16:17:39.721-0800][gc,heap       ] GC(20) Survivor regions: 2->1(11)
[2018-09-22T16:17:39.721-0800][gc,heap       ] GC(20) Old regions: 10->11
[2018-09-22T16:17:39.721-0800][gc,heap       ] GC(20) Humongous regions: 129->129
[2018-09-22T16:17:39.721-0800][gc,metaspace  ] GC(20) Metaspace: 40800K->40800K(1087488K)
[2018-09-22T16:17:39.721-0800][gc            ] GC(20) Pause Young (G1 Evacuation Pause) 219M->140M(1024M) 9.119ms
[2018-09-22T16:17:39.721-0800][gc,cpu        ] GC(20) User=0.03s Sys=0.00s Real=0.01s
[2018-09-22T17:00:14.728-0800][gc,start      ] GC(21) Pause Young (G1 Evacuation Pause)
[2018-09-22T17:00:14.730-0800][gc,task       ] GC(21) Using 4 workers of 4 for evacuation
[2018-09-22T17:00:14.735-0800][gc,phases     ] GC(21)   Pre Evacuate Collection Set: 0.0ms
[2018-09-22T17:00:14.735-0800][gc,phases     ] GC(21)   Evacuate Collection Set: 4.1ms
[2018-09-22T17:00:14.735-0800][gc,phases     ] GC(21)   Post Evacuate Collection Set: 0.2ms
[2018-09-22T17:00:14.735-0800][gc,phases     ] GC(21)   Other: 2.0ms
[2018-09-22T17:00:14.735-0800][gc,heap       ] GC(21) Eden regions: 84->0(90)
[2018-09-22T17:00:14.735-0800][gc,heap       ] GC(21) Survivor regions: 1->1(11)
[2018-09-22T17:00:14.735-0800][gc,heap       ] GC(21) Old regions: 11->12
[2018-09-22T17:00:14.735-0800][gc,heap       ] GC(21) Humongous regions: 129->129
[2018-09-22T17:00:14.735-0800][gc,metaspace  ] GC(21) Metaspace: 40837K->40837K(1087488K)
[2018-09-22T17:00:14.735-0800][gc            ] GC(21) Pause Young (G1 Evacuation Pause) 224M->140M(1024M) 6.523ms
[2018-09-22T17:00:14.735-0800][gc,cpu        ] GC(21) User=0.02s Sys=0.00s Real=0.01s
