[2018-09-19T22:58:28.662-0800][gc,heap] Heap region size: 1M
[2018-09-19T22:58:28.674-0800][gc     ] Using G1
[2018-09-19T22:58:28.674-0800][gc,heap,coops] Heap address: 0x0000000780000000, size: 1024 MB, Compressed Oops mode: Zero based, Oop shift amount: 3
[2018-09-19T22:58:29.634-0800][gc,start     ] GC(0) Pause Initial Mark (Metadata GC Threshold)
[2018-09-19T22:58:29.634-0800][gc,task      ] GC(0) Using 4 workers of 4 for evacuation
[2018-09-19T22:58:29.640-0800][gc,phases    ] GC(0)   Pre Evacuate Collection Set: 0.0ms
[2018-09-19T22:58:29.640-0800][gc,phases    ] GC(0)   Evacuate Collection Set: 5.8ms
[2018-09-19T22:58:29.640-0800][gc,phases    ] GC(0)   Post Evacuate Collection Set: 0.4ms
[2018-09-19T22:58:29.640-0800][gc,phases    ] GC(0)   Other: 0.3ms
[2018-09-19T22:58:29.640-0800][gc,heap      ] GC(0) Eden regions: 38->0(44)
[2018-09-19T22:58:29.640-0800][gc,heap      ] GC(0) Survivor regions: 0->7(7)
[2018-09-19T22:58:29.640-0800][gc,heap      ] GC(0) Old regions: 0->0
[2018-09-19T22:58:29.640-0800][gc,heap      ] GC(0) Humongous regions: 0->0
[2018-09-19T22:58:29.640-0800][gc,metaspace ] GC(0) Metaspace: 20653K->20653K(1069056K)
[2018-09-19T22:58:29.640-0800][gc           ] GC(0) Pause Initial Mark (Metadata GC Threshold) 38M->6M(1024M) 6.548ms
[2018-09-19T22:58:29.640-0800][gc,cpu       ] GC(0) User=0.02s Sys=0.00s Real=0.01s
[2018-09-19T22:58:29.640-0800][gc           ] GC(1) Concurrent Cycle
[2018-09-19T22:58:29.640-0800][gc,marking   ] GC(1) Concurrent Clear Claimed Marks
[2018-09-19T22:58:29.640-0800][gc,marking   ] GC(1) Concurrent Clear Claimed Marks 0.036ms
[2018-09-19T22:58:29.640-0800][gc,marking   ] GC(1) Concurrent Scan Root Regions
[2018-09-19T22:58:29.643-0800][gc,marking   ] GC(1) Concurrent Scan Root Regions 2.810ms
[2018-09-19T22:58:29.643-0800][gc,marking   ] GC(1) Concurrent Mark (0.990s)
[2018-09-19T22:58:29.643-0800][gc,marking   ] GC(1) Concurrent Mark From Roots
[2018-09-19T22:58:29.643-0800][gc,task      ] GC(1) Using 1 workers of 1 for marking
[2018-09-19T22:58:29.643-0800][gc,marking   ] GC(1) Concurrent Mark From Roots 0.158ms
[2018-09-19T22:58:29.643-0800][gc,marking   ] GC(1) Concurrent Mark (0.990s, 0.991s) 0.200ms
[2018-09-19T22:58:29.643-0800][gc,start     ] GC(1) Pause Remark
[2018-09-19T22:58:29.646-0800][gc,stringtable] GC(1) Cleaned string and symbol table, strings: 8130 processed, 0 removed, symbols: 64690 processed, 42 removed
[2018-09-19T22:58:29.646-0800][gc            ] GC(1) Pause Remark 6M->6M(1024M) 2.792ms
[2018-09-19T22:58:29.646-0800][gc,cpu        ] GC(1) User=0.01s Sys=0.00s Real=0.00s
[2018-09-19T22:58:29.646-0800][gc,marking    ] GC(1) Concurrent Create Live Data
[2018-09-19T22:58:29.646-0800][gc,marking    ] GC(1) Concurrent Create Live Data 0.079ms
[2018-09-19T22:58:29.646-0800][gc,start      ] GC(1) Pause Cleanup
[2018-09-19T22:58:29.647-0800][gc            ] GC(1) Pause Cleanup 6M->6M(1024M) 0.535ms
[2018-09-19T22:58:29.647-0800][gc,cpu        ] GC(1) User=0.00s Sys=0.00s Real=0.00s
[2018-09-19T22:58:29.647-0800][gc,marking    ] GC(1) Concurrent Cleanup for Next Mark
[2018-09-19T22:58:29.656-0800][gc,marking    ] GC(1) Concurrent Cleanup for Next Mark 9.138ms
[2018-09-19T22:58:29.656-0800][gc            ] GC(1) Concurrent Cycle 16.062ms
[2018-09-19T22:58:36.454-0800][gc,heap,exit  ] Heap
[2018-09-19T22:58:36.454-0800][gc,heap,exit  ]  garbage-first heap   total 1048576K, used 10392K [0x0000000780000000, 0x00000007c0000000)
[2018-09-19T22:58:36.454-0800][gc,heap,exit  ]   region size 1024K, 12 young (12288K), 7 survivors (7168K)
[2018-09-19T22:58:36.454-0800][gc,heap,exit  ]  Metaspace       used 21335K, capacity 21764K, committed 22144K, reserved 1069056K
[2018-09-19T22:58:36.454-0800][gc,heap,exit  ]   class space    used 2509K, capacity 2667K, committed 2688K, reserved 1048576K
