[2018-09-15T19:06:51.616-0800][gc,heap] Heap region size: 1M
[2018-09-15T19:06:51.627-0800][gc     ] Using G1
[2018-09-15T19:06:51.627-0800][gc,heap,coops] Heap address: 0x0000000780000000, size: 1024 MB, Compressed Oops mode: Zero based, Oop shift amount: 3
[2018-09-15T19:06:52.785-0800][gc,start     ] GC(0) Pause Initial Mark (Metadata GC Threshold)
[2018-09-15T19:06:52.785-0800][gc,task      ] GC(0) Using 4 workers of 4 for evacuation
[2018-09-15T19:06:52.792-0800][gc,phases    ] GC(0)   Pre Evacuate Collection Set: 0.0ms
[2018-09-15T19:06:52.792-0800][gc,phases    ] GC(0)   Evacuate Collection Set: 6.1ms
[2018-09-15T19:06:52.792-0800][gc,phases    ] GC(0)   Post Evacuate Collection Set: 0.4ms
[2018-09-15T19:06:52.792-0800][gc,phases    ] GC(0)   Other: 0.3ms
[2018-09-15T19:06:52.792-0800][gc,heap      ] GC(0) Eden regions: 38->0(44)
[2018-09-15T19:06:52.792-0800][gc,heap      ] GC(0) Survivor regions: 0->7(7)
[2018-09-15T19:06:52.792-0800][gc,heap      ] GC(0) Old regions: 0->0
[2018-09-15T19:06:52.792-0800][gc,heap      ] GC(0) Humongous regions: 0->0
[2018-09-15T19:06:52.792-0800][gc,metaspace ] GC(0) Metaspace: 20651K->20651K(1069056K)
[2018-09-15T19:06:52.792-0800][gc           ] GC(0) Pause Initial Mark (Metadata GC Threshold) 38M->6M(1024M) 6.945ms
[2018-09-15T19:06:52.792-0800][gc,cpu       ] GC(0) User=0.02s Sys=0.00s Real=0.01s
[2018-09-15T19:06:52.792-0800][gc           ] GC(1) Concurrent Cycle
[2018-09-15T19:06:52.792-0800][gc,marking   ] GC(1) Concurrent Clear Claimed Marks
[2018-09-15T19:06:52.792-0800][gc,marking   ] GC(1) Concurrent Clear Claimed Marks 0.034ms
[2018-09-15T19:06:52.792-0800][gc,marking   ] GC(1) Concurrent Scan Root Regions
[2018-09-15T19:06:52.795-0800][gc,marking   ] GC(1) Concurrent Scan Root Regions 2.817ms
[2018-09-15T19:06:52.795-0800][gc,marking   ] GC(1) Concurrent Mark (1.189s)
[2018-09-15T19:06:52.795-0800][gc,marking   ] GC(1) Concurrent Mark From Roots
[2018-09-15T19:06:52.795-0800][gc,task      ] GC(1) Using 1 workers of 1 for marking
[2018-09-15T19:06:52.795-0800][gc,marking   ] GC(1) Concurrent Mark From Roots 0.222ms
[2018-09-15T19:06:52.795-0800][gc,marking   ] GC(1) Concurrent Mark (1.189s, 1.189s) 0.266ms
[2018-09-15T19:06:52.795-0800][gc,start     ] GC(1) Pause Remark
[2018-09-15T19:06:52.799-0800][gc,stringtable] GC(1) Cleaned string and symbol table, strings: 8110 processed, 0 removed, symbols: 64690 processed, 42 removed
[2018-09-15T19:06:52.799-0800][gc            ] GC(1) Pause Remark 6M->6M(1024M) 3.334ms
[2018-09-15T19:06:52.799-0800][gc,cpu        ] GC(1) User=0.00s Sys=0.00s Real=0.00s
[2018-09-15T19:06:52.799-0800][gc,marking    ] GC(1) Concurrent Create Live Data
[2018-09-15T19:06:52.799-0800][gc,marking    ] GC(1) Concurrent Create Live Data 0.085ms
[2018-09-15T19:06:52.799-0800][gc,start      ] GC(1) Pause Cleanup
[2018-09-15T19:06:52.799-0800][gc            ] GC(1) Pause Cleanup 6M->6M(1024M) 0.457ms
[2018-09-15T19:06:52.799-0800][gc,cpu        ] GC(1) User=0.01s Sys=0.00s Real=0.00s
[2018-09-15T19:06:52.799-0800][gc,marking    ] GC(1) Concurrent Cleanup for Next Mark
[2018-09-15T19:06:52.808-0800][gc,marking    ] GC(1) Concurrent Cleanup for Next Mark 9.001ms
[2018-09-15T19:06:52.808-0800][gc            ] GC(1) Concurrent Cycle 16.397ms
[2018-09-15T19:06:53.675-0800][gc,start      ] GC(2) Pause Young (G1 Evacuation Pause)
[2018-09-15T19:06:53.675-0800][gc,task       ] GC(2) Using 4 workers of 4 for evacuation
[2018-09-15T19:06:53.687-0800][gc,phases     ] GC(2)   Pre Evacuate Collection Set: 0.0ms
[2018-09-15T19:06:53.687-0800][gc,phases     ] GC(2)   Evacuate Collection Set: 10.6ms
[2018-09-15T19:06:53.687-0800][gc,phases     ] GC(2)   Post Evacuate Collection Set: 0.4ms
[2018-09-15T19:06:53.687-0800][gc,phases     ] GC(2)   Other: 0.2ms
[2018-09-15T19:06:53.687-0800][gc,heap       ] GC(2) Eden regions: 44->0(47)
[2018-09-15T19:06:53.687-0800][gc,heap       ] GC(2) Survivor regions: 7->4(7)
[2018-09-15T19:06:53.687-0800][gc,heap       ] GC(2) Old regions: 0->7
[2018-09-15T19:06:53.687-0800][gc,heap       ] GC(2) Humongous regions: 129->129
[2018-09-15T19:06:53.687-0800][gc,metaspace  ] GC(2) Metaspace: 29987K->29987K(1077248K)
[2018-09-15T19:06:53.687-0800][gc            ] GC(2) Pause Young (G1 Evacuation Pause) 179M->138M(1024M) 11.410ms
[2018-09-15T19:06:53.687-0800][gc,cpu        ] GC(2) User=0.03s Sys=0.00s Real=0.01s
[2018-09-15T19:07:19.934-0800][gc,start      ] GC(3) Pause Initial Mark (Metadata GC Threshold)
[2018-09-15T19:07:19.934-0800][gc,task       ] GC(3) Using 4 workers of 4 for evacuation
[2018-09-15T19:07:19.942-0800][gc,phases     ] GC(3)   Pre Evacuate Collection Set: 0.1ms
[2018-09-15T19:07:19.942-0800][gc,phases     ] GC(3)   Evacuate Collection Set: 6.7ms
[2018-09-15T19:07:19.942-0800][gc,phases     ] GC(3)   Post Evacuate Collection Set: 0.2ms
[2018-09-15T19:07:19.942-0800][gc,phases     ] GC(3)   Other: 0.5ms
[2018-09-15T19:07:19.942-0800][gc,heap       ] GC(3) Eden regions: 24->0(46)
[2018-09-15T19:07:19.942-0800][gc,heap       ] GC(3) Survivor regions: 4->5(7)
[2018-09-15T19:07:19.942-0800][gc,heap       ] GC(3) Old regions: 7->7
[2018-09-15T19:07:19.942-0800][gc,heap       ] GC(3) Humongous regions: 129->129
[2018-09-15T19:07:19.942-0800][gc,metaspace  ] GC(3) Metaspace: 34791K->34791K(1081344K)
[2018-09-15T19:07:19.942-0800][gc            ] GC(3) Pause Initial Mark (Metadata GC Threshold) 161M->139M(1024M) 7.731ms
[2018-09-15T19:07:19.942-0800][gc,cpu        ] GC(3) User=0.03s Sys=0.00s Real=0.01s
[2018-09-15T19:07:19.942-0800][gc            ] GC(4) Concurrent Cycle
[2018-09-15T19:07:19.942-0800][gc,marking    ] GC(4) Concurrent Clear Claimed Marks
[2018-09-15T19:07:19.942-0800][gc,marking    ] GC(4) Concurrent Clear Claimed Marks 0.098ms
[2018-09-15T19:07:19.942-0800][gc,marking    ] GC(4) Concurrent Scan Root Regions
[2018-09-15T19:07:19.946-0800][gc,marking    ] GC(4) Concurrent Scan Root Regions 3.737ms
[2018-09-15T19:07:19.946-0800][gc,marking    ] GC(4) Concurrent Mark (28.339s)
[2018-09-15T19:07:19.946-0800][gc,marking    ] GC(4) Concurrent Mark From Roots
[2018-09-15T19:07:19.946-0800][gc,task       ] GC(4) Using 1 workers of 1 for marking
[2018-09-15T19:07:19.952-0800][gc,marking    ] GC(4) Concurrent Mark From Roots 6.111ms
[2018-09-15T19:07:19.952-0800][gc,marking    ] GC(4) Concurrent Mark (28.339s, 28.345s) 6.202ms
[2018-09-15T19:07:19.952-0800][gc,start      ] GC(4) Pause Remark
[2018-09-15T19:07:19.957-0800][gc,stringtable] GC(4) Cleaned string and symbol table, strings: 13301 processed, 7 removed, symbols: 100359 processed, 26 removed
[2018-09-15T19:07:19.957-0800][gc            ] GC(4) Pause Remark 139M->139M(1024M) 4.484ms
[2018-09-15T19:07:19.957-0800][gc,cpu        ] GC(4) User=0.02s Sys=0.00s Real=0.00s
[2018-09-15T19:07:19.957-0800][gc,marking    ] GC(4) Concurrent Create Live Data
[2018-09-15T19:07:19.958-0800][gc,marking    ] GC(4) Concurrent Create Live Data 1.512ms
[2018-09-15T19:07:19.959-0800][gc,start      ] GC(4) Pause Cleanup
[2018-09-15T19:07:19.959-0800][gc            ] GC(4) Pause Cleanup 139M->139M(1024M) 0.462ms
[2018-09-15T19:07:19.959-0800][gc,cpu        ] GC(4) User=0.00s Sys=0.00s Real=0.00s
[2018-09-15T19:07:19.959-0800][gc,marking    ] GC(4) Concurrent Cleanup for Next Mark
[2018-09-15T19:07:19.967-0800][gc,marking    ] GC(4) Concurrent Cleanup for Next Mark 8.169ms
[2018-09-15T19:07:19.967-0800][gc            ] GC(4) Concurrent Cycle 25.280ms
[2018-09-16T12:22:20.056-0800][gc,start      ] GC(5) Pause Young (G1 Evacuation Pause)
[2018-09-16T12:22:20.057-0800][gc,task       ] GC(5) Using 4 workers of 4 for evacuation
[2018-09-16T12:22:20.076-0800][gc,phases     ] GC(5)   Pre Evacuate Collection Set: 2.7ms
[2018-09-16T12:22:20.076-0800][gc,phases     ] GC(5)   Evacuate Collection Set: 14.9ms
[2018-09-16T12:22:20.076-0800][gc,phases     ] GC(5)   Post Evacuate Collection Set: 0.4ms
[2018-09-16T12:22:20.076-0800][gc,phases     ] GC(5)   Other: 2.3ms
[2018-09-16T12:22:20.076-0800][gc,heap       ] GC(5) Eden regions: 46->0(49)
[2018-09-16T12:22:20.076-0800][gc,heap       ] GC(5) Survivor regions: 5->2(7)
[2018-09-16T12:22:20.076-0800][gc,heap       ] GC(5) Old regions: 7->10
[2018-09-16T12:22:20.076-0800][gc,heap       ] GC(5) Humongous regions: 129->129
[2018-09-16T12:22:20.076-0800][gc,metaspace  ] GC(5) Metaspace: 35895K->35895K(1081344K)
[2018-09-16T12:22:20.076-0800][gc            ] GC(5) Pause Young (G1 Evacuation Pause) 185M->139M(1024M) 20.463ms
[2018-09-16T12:22:20.076-0800][gc,cpu        ] GC(5) User=0.03s Sys=0.02s Real=0.02s
[2018-09-16T13:09:22.965-0800][gc,start      ] GC(6) Pause Young (G1 Evacuation Pause)
[2018-09-16T13:09:22.965-0800][gc,task       ] GC(6) Using 4 workers of 4 for evacuation
[2018-09-16T13:09:22.969-0800][gc,phases     ] GC(6)   Pre Evacuate Collection Set: 0.0ms
[2018-09-16T13:09:22.969-0800][gc,phases     ] GC(6)   Evacuate Collection Set: 3.8ms
[2018-09-16T13:09:22.969-0800][gc,phases     ] GC(6)   Post Evacuate Collection Set: 0.2ms
[2018-09-16T13:09:22.970-0800][gc,phases     ] GC(6)   Other: 0.4ms
[2018-09-16T13:09:22.970-0800][gc,heap       ] GC(6) Eden regions: 49->0(48)
[2018-09-16T13:09:22.970-0800][gc,heap       ] GC(6) Survivor regions: 2->3(7)
[2018-09-16T13:09:22.970-0800][gc,heap       ] GC(6) Old regions: 10->10
[2018-09-16T13:09:22.970-0800][gc,heap       ] GC(6) Humongous regions: 129->129
[2018-09-16T13:09:22.970-0800][gc,metaspace  ] GC(6) Metaspace: 39019K->39019K(1085440K)
[2018-09-16T13:09:22.970-0800][gc            ] GC(6) Pause Young (G1 Evacuation Pause) 188M->140M(1024M) 4.592ms
[2018-09-16T13:09:22.970-0800][gc,cpu        ] GC(6) User=0.02s Sys=0.00s Real=0.01s
[2018-09-16T13:21:08.358-0800][gc,heap,exit  ] Heap
[2018-09-16T13:21:08.358-0800][gc,heap,exit  ]  garbage-first heap   total 1048576K, used 165099K [0x0000000780000000, 0x00000007c0000000)
[2018-09-16T13:21:08.358-0800][gc,heap,exit  ]   region size 1024K, 25 young (25600K), 3 survivors (3072K)
[2018-09-16T13:21:08.358-0800][gc,heap,exit  ]  Metaspace       used 40049K, capacity 41326K, committed 41728K, reserved 1085440K
[2018-09-16T13:21:08.359-0800][gc,heap,exit  ]   class space    used 4933K, capacity 5309K, committed 5376K, reserved 1048576K
