[2018-09-19T22:26:21.480-0800][gc,heap] Heap region size: 1M
[2018-09-19T22:26:21.490-0800][gc     ] Using G1
[2018-09-19T22:26:21.491-0800][gc,heap,coops] Heap address: 0x0000000780000000, size: 1024 MB, Compressed Oops mode: Zero based, Oop shift amount: 3
[2018-09-19T22:26:22.869-0800][gc,start     ] GC(0) Pause Initial Mark (Metadata GC Threshold)
[2018-09-19T22:26:22.869-0800][gc,task      ] GC(0) Using 4 workers of 4 for evacuation
[2018-09-19T22:26:22.875-0800][gc,phases    ] GC(0)   Pre Evacuate Collection Set: 0.0ms
[2018-09-19T22:26:22.875-0800][gc,phases    ] GC(0)   Evacuate Collection Set: 5.7ms
[2018-09-19T22:26:22.875-0800][gc,phases    ] GC(0)   Post Evacuate Collection Set: 0.3ms
[2018-09-19T22:26:22.875-0800][gc,phases    ] GC(0)   Other: 0.3ms
[2018-09-19T22:26:22.875-0800][gc,heap      ] GC(0) Eden regions: 39->0(44)
[2018-09-19T22:26:22.875-0800][gc,heap      ] GC(0) Survivor regions: 0->7(7)
[2018-09-19T22:26:22.875-0800][gc,heap      ] GC(0) Old regions: 0->0
[2018-09-19T22:26:22.875-0800][gc,heap      ] GC(0) Humongous regions: 0->0
[2018-09-19T22:26:22.875-0800][gc,metaspace ] GC(0) Metaspace: 20623K->20623K(1069056K)
[2018-09-19T22:26:22.875-0800][gc           ] GC(0) Pause Initial Mark (Metadata GC Threshold) 38M->6M(1024M) 6.422ms
[2018-09-19T22:26:22.875-0800][gc,cpu       ] GC(0) User=0.02s Sys=0.01s Real=0.01s
[2018-09-19T22:26:22.875-0800][gc           ] GC(1) Concurrent Cycle
[2018-09-19T22:26:22.875-0800][gc,marking   ] GC(1) Concurrent Clear Claimed Marks
[2018-09-19T22:26:22.875-0800][gc,marking   ] GC(1) Concurrent Clear Claimed Marks 0.035ms
[2018-09-19T22:26:22.875-0800][gc,marking   ] GC(1) Concurrent Scan Root Regions
[2018-09-19T22:26:22.878-0800][gc,marking   ] GC(1) Concurrent Scan Root Regions 2.868ms
[2018-09-19T22:26:22.878-0800][gc,marking   ] GC(1) Concurrent Mark (1.407s)
[2018-09-19T22:26:22.878-0800][gc,marking   ] GC(1) Concurrent Mark From Roots
[2018-09-19T22:26:22.878-0800][gc,task      ] GC(1) Using 1 workers of 1 for marking
[2018-09-19T22:26:22.878-0800][gc,marking   ] GC(1) Concurrent Mark From Roots 0.136ms
[2018-09-19T22:26:22.878-0800][gc,marking   ] GC(1) Concurrent Mark (1.407s, 1.407s) 0.167ms
[2018-09-19T22:26:22.878-0800][gc,start     ] GC(1) Pause Remark
[2018-09-19T22:26:22.881-0800][gc,stringtable] GC(1) Cleaned string and symbol table, strings: 8066 processed, 0 removed, symbols: 64567 processed, 42 removed
[2018-09-19T22:26:22.881-0800][gc            ] GC(1) Pause Remark 6M->6M(1024M) 2.824ms
[2018-09-19T22:26:22.881-0800][gc,cpu        ] GC(1) User=0.00s Sys=0.00s Real=0.01s
[2018-09-19T22:26:22.881-0800][gc,marking    ] GC(1) Concurrent Create Live Data
[2018-09-19T22:26:22.881-0800][gc,marking    ] GC(1) Concurrent Create Live Data 0.070ms
[2018-09-19T22:26:22.881-0800][gc,start      ] GC(1) Pause Cleanup
[2018-09-19T22:26:22.882-0800][gc            ] GC(1) Pause Cleanup 6M->6M(1024M) 0.352ms
[2018-09-19T22:26:22.882-0800][gc,cpu        ] GC(1) User=0.01s Sys=0.00s Real=0.00s
[2018-09-19T22:26:22.882-0800][gc,marking    ] GC(1) Concurrent Cleanup for Next Mark
[2018-09-19T22:26:22.889-0800][gc,marking    ] GC(1) Concurrent Cleanup for Next Mark 7.524ms
[2018-09-19T22:26:22.889-0800][gc            ] GC(1) Concurrent Cycle 14.338ms
[2018-09-19T22:26:24.049-0800][gc,start      ] GC(2) Pause Young (G1 Evacuation Pause)
[2018-09-19T22:26:24.049-0800][gc,task       ] GC(2) Using 4 workers of 4 for evacuation
[2018-09-19T22:26:24.058-0800][gc,phases     ] GC(2)   Pre Evacuate Collection Set: 0.0ms
[2018-09-19T22:26:24.058-0800][gc,phases     ] GC(2)   Evacuate Collection Set: 8.7ms
[2018-09-19T22:26:24.058-0800][gc,phases     ] GC(2)   Post Evacuate Collection Set: 0.5ms
[2018-09-19T22:26:24.058-0800][gc,phases     ] GC(2)   Other: 0.4ms
[2018-09-19T22:26:24.058-0800][gc,heap       ] GC(2) Eden regions: 44->0(48)
[2018-09-19T22:26:24.058-0800][gc,heap       ] GC(2) Survivor regions: 7->3(7)
[2018-09-19T22:26:24.058-0800][gc,heap       ] GC(2) Old regions: 0->7
[2018-09-19T22:26:24.058-0800][gc,heap       ] GC(2) Humongous regions: 129->129
[2018-09-19T22:26:24.059-0800][gc,metaspace  ] GC(2) Metaspace: 29788K->29788K(1077248K)
[2018-09-19T22:26:24.059-0800][gc            ] GC(2) Pause Young (G1 Evacuation Pause) 179M->137M(1024M) 9.823ms
[2018-09-19T22:26:24.059-0800][gc,cpu        ] GC(2) User=0.03s Sys=0.00s Real=0.01s
[2018-09-19T22:26:24.483-0800][gc,start      ] GC(3) Pause Initial Mark (Metadata GC Threshold)
[2018-09-19T22:26:24.483-0800][gc,task       ] GC(3) Using 4 workers of 4 for evacuation
[2018-09-19T22:26:24.488-0800][gc,phases     ] GC(3)   Pre Evacuate Collection Set: 0.1ms
[2018-09-19T22:26:24.488-0800][gc,phases     ] GC(3)   Evacuate Collection Set: 4.3ms
[2018-09-19T22:26:24.488-0800][gc,phases     ] GC(3)   Post Evacuate Collection Set: 0.3ms
[2018-09-19T22:26:24.488-0800][gc,phases     ] GC(3)   Other: 0.4ms
[2018-09-19T22:26:24.488-0800][gc,heap       ] GC(3) Eden regions: 28->0(46)
[2018-09-19T22:26:24.488-0800][gc,heap       ] GC(3) Survivor regions: 3->5(7)
[2018-09-19T22:26:24.488-0800][gc,heap       ] GC(3) Old regions: 7->7
[2018-09-19T22:26:24.488-0800][gc,heap       ] GC(3) Humongous regions: 129->129
[2018-09-19T22:26:24.488-0800][gc,metaspace  ] GC(3) Metaspace: 34672K->34672K(1081344K)
[2018-09-19T22:26:24.488-0800][gc            ] GC(3) Pause Initial Mark (Metadata GC Threshold) 165M->139M(1024M) 5.171ms
[2018-09-19T22:26:24.488-0800][gc,cpu        ] GC(3) User=0.02s Sys=0.00s Real=0.00s
[2018-09-19T22:26:24.488-0800][gc            ] GC(4) Concurrent Cycle
[2018-09-19T22:26:24.488-0800][gc,marking    ] GC(4) Concurrent Clear Claimed Marks
[2018-09-19T22:26:24.488-0800][gc,marking    ] GC(4) Concurrent Clear Claimed Marks 0.063ms
[2018-09-19T22:26:24.488-0800][gc,marking    ] GC(4) Concurrent Scan Root Regions
[2018-09-19T22:26:24.491-0800][gc,marking    ] GC(4) Concurrent Scan Root Regions 3.243ms
[2018-09-19T22:26:24.491-0800][gc,marking    ] GC(4) Concurrent Mark (3.020s)
[2018-09-19T22:26:24.491-0800][gc,marking    ] GC(4) Concurrent Mark From Roots
[2018-09-19T22:26:24.491-0800][gc,task       ] GC(4) Using 1 workers of 1 for marking
[2018-09-19T22:26:24.500-0800][gc,marking    ] GC(4) Concurrent Mark From Roots 9.118ms
[2018-09-19T22:26:24.500-0800][gc,marking    ] GC(4) Concurrent Mark (3.020s, 3.029s) 9.174ms
[2018-09-19T22:26:24.500-0800][gc,start      ] GC(4) Pause Remark
[2018-09-19T22:26:24.504-0800][gc,stringtable] GC(4) Cleaned string and symbol table, strings: 12396 processed, 6 removed, symbols: 98689 processed, 23 removed
[2018-09-19T22:26:24.504-0800][gc            ] GC(4) Pause Remark 140M->140M(1024M) 3.686ms
[2018-09-19T22:26:24.504-0800][gc,cpu        ] GC(4) User=0.02s Sys=0.00s Real=0.00s
[2018-09-19T22:26:24.504-0800][gc,marking    ] GC(4) Concurrent Create Live Data
[2018-09-19T22:26:24.506-0800][gc,marking    ] GC(4) Concurrent Create Live Data 1.813ms
[2018-09-19T22:26:24.506-0800][gc,start      ] GC(4) Pause Cleanup
[2018-09-19T22:26:24.507-0800][gc            ] GC(4) Pause Cleanup 140M->140M(1024M) 0.350ms
[2018-09-19T22:26:24.507-0800][gc,cpu        ] GC(4) User=0.01s Sys=0.00s Real=0.00s
[2018-09-19T22:26:24.507-0800][gc,marking    ] GC(4) Concurrent Cleanup for Next Mark
[2018-09-19T22:26:24.515-0800][gc,marking    ] GC(4) Concurrent Cleanup for Next Mark 8.491ms
[2018-09-19T22:26:24.515-0800][gc            ] GC(4) Concurrent Cycle 27.473ms
[2018-09-19T22:27:49.841-0800][gc,start      ] GC(5) Pause Young (G1 Evacuation Pause)
[2018-09-19T22:27:49.841-0800][gc,task       ] GC(5) Using 4 workers of 4 for evacuation
[2018-09-19T22:27:49.850-0800][gc,phases     ] GC(5)   Pre Evacuate Collection Set: 0.0ms
[2018-09-19T22:27:49.850-0800][gc,phases     ] GC(5)   Evacuate Collection Set: 8.0ms
[2018-09-19T22:27:49.850-0800][gc,phases     ] GC(5)   Post Evacuate Collection Set: 0.3ms
[2018-09-19T22:27:49.850-0800][gc,phases     ] GC(5)   Other: 0.4ms
[2018-09-19T22:27:49.850-0800][gc,heap       ] GC(5) Eden regions: 46->0(47)
[2018-09-19T22:27:49.850-0800][gc,heap       ] GC(5) Survivor regions: 5->4(7)
[2018-09-19T22:27:49.850-0800][gc,heap       ] GC(5) Old regions: 7->9
[2018-09-19T22:27:49.850-0800][gc,heap       ] GC(5) Humongous regions: 147->129
[2018-09-19T22:27:49.850-0800][gc,metaspace  ] GC(5) Metaspace: 38258K->38258K(1083392K)
[2018-09-19T22:27:49.850-0800][gc            ] GC(5) Pause Young (G1 Evacuation Pause) 203M->140M(1024M) 9.024ms
[2018-09-19T22:27:49.850-0800][gc,cpu        ] GC(5) User=0.03s Sys=0.01s Real=0.01s
[2018-09-19T22:42:16.583-0800][gc,heap,exit  ] Heap
[2018-09-19T22:42:16.583-0800][gc,heap,exit  ]  garbage-first heap   total 1048576K, used 186688K [0x0000000780000000, 0x00000007c0000000)
[2018-09-19T22:42:16.583-0800][gc,heap,exit  ]   region size 1024K, 47 young (48128K), 4 survivors (4096K)
[2018-09-19T22:42:16.583-0800][gc,heap,exit  ]  Metaspace       used 39237K, capacity 40338K, committed 40908K, reserved 1085440K
[2018-09-19T22:42:16.583-0800][gc,heap,exit  ]   class space    used 4740K, capacity 5058K, committed 5068K, reserved 1048576K
