[2018-09-16T13:22:32.304-0800][gc,heap] Heap region size: 1M
[2018-09-16T13:22:32.314-0800][gc     ] Using G1
[2018-09-16T13:22:32.314-0800][gc,heap,coops] Heap address: 0x0000000780000000, size: 1024 MB, Compressed Oops mode: Zero based, Oop shift amount: 3
[2018-09-16T13:22:34.445-0800][gc,start     ] GC(0) Pause Initial Mark (Metadata GC Threshold)
[2018-09-16T13:22:34.445-0800][gc,task      ] GC(0) Using 4 workers of 4 for evacuation
[2018-09-16T13:22:34.451-0800][gc,phases    ] GC(0)   Pre Evacuate Collection Set: 0.0ms
[2018-09-16T13:22:34.451-0800][gc,phases    ] GC(0)   Evacuate Collection Set: 5.7ms
[2018-09-16T13:22:34.451-0800][gc,phases    ] GC(0)   Post Evacuate Collection Set: 0.3ms
[2018-09-16T13:22:34.451-0800][gc,phases    ] GC(0)   Other: 0.3ms
[2018-09-16T13:22:34.451-0800][gc,heap      ] GC(0) Eden regions: 39->0(44)
[2018-09-16T13:22:34.451-0800][gc,heap      ] GC(0) Survivor regions: 0->7(7)
[2018-09-16T13:22:34.451-0800][gc,heap      ] GC(0) Old regions: 0->0
[2018-09-16T13:22:34.451-0800][gc,heap      ] GC(0) Humongous regions: 0->0
[2018-09-16T13:22:34.451-0800][gc,metaspace ] GC(0) Metaspace: 20652K->20652K(1069056K)
[2018-09-16T13:22:34.451-0800][gc           ] GC(0) Pause Initial Mark (Metadata GC Threshold) 38M->6M(1024M) 6.414ms
[2018-09-16T13:22:34.451-0800][gc,cpu       ] GC(0) User=0.02s Sys=0.01s Real=0.01s
[2018-09-16T13:22:34.451-0800][gc           ] GC(1) Concurrent Cycle
[2018-09-16T13:22:34.451-0800][gc,marking   ] GC(1) Concurrent Clear Claimed Marks
[2018-09-16T13:22:34.451-0800][gc,marking   ] GC(1) Concurrent Clear Claimed Marks 0.036ms
[2018-09-16T13:22:34.451-0800][gc,marking   ] GC(1) Concurrent Scan Root Regions
[2018-09-16T13:22:34.454-0800][gc,marking   ] GC(1) Concurrent Scan Root Regions 2.921ms
[2018-09-16T13:22:34.454-0800][gc,marking   ] GC(1) Concurrent Mark (2.159s)
[2018-09-16T13:22:34.454-0800][gc,marking   ] GC(1) Concurrent Mark From Roots
[2018-09-16T13:22:34.454-0800][gc,task      ] GC(1) Using 1 workers of 1 for marking
[2018-09-16T13:22:34.454-0800][gc,marking   ] GC(1) Concurrent Mark From Roots 0.159ms
[2018-09-16T13:22:34.454-0800][gc,marking   ] GC(1) Concurrent Mark (2.159s, 2.159s) 0.204ms
[2018-09-16T13:22:34.454-0800][gc,start     ] GC(1) Pause Remark
[2018-09-16T13:22:34.457-0800][gc,stringtable] GC(1) Cleaned string and symbol table, strings: 8115 processed, 0 removed, symbols: 64690 processed, 42 removed
[2018-09-16T13:22:34.457-0800][gc            ] GC(1) Pause Remark 7M->7M(1024M) 2.380ms
[2018-09-16T13:22:34.457-0800][gc,cpu        ] GC(1) User=0.00s Sys=0.00s Real=0.00s
[2018-09-16T13:22:34.457-0800][gc,marking    ] GC(1) Concurrent Create Live Data
[2018-09-16T13:22:34.457-0800][gc,marking    ] GC(1) Concurrent Create Live Data 0.068ms
[2018-09-16T13:22:34.457-0800][gc,start      ] GC(1) Pause Cleanup
[2018-09-16T13:22:34.457-0800][gc            ] GC(1) Pause Cleanup 7M->7M(1024M) 0.366ms
[2018-09-16T13:22:34.457-0800][gc,cpu        ] GC(1) User=0.01s Sys=0.00s Real=0.00s
[2018-09-16T13:22:34.457-0800][gc,marking    ] GC(1) Concurrent Cleanup for Next Mark
[2018-09-16T13:22:34.466-0800][gc,marking    ] GC(1) Concurrent Cleanup for Next Mark 8.970ms
[2018-09-16T13:22:34.466-0800][gc            ] GC(1) Concurrent Cycle 15.371ms
[2018-09-16T13:22:35.458-0800][gc,start      ] GC(2) Pause Young (G1 Evacuation Pause)
[2018-09-16T13:22:35.458-0800][gc,task       ] GC(2) Using 4 workers of 4 for evacuation
[2018-09-16T13:22:35.467-0800][gc,phases     ] GC(2)   Pre Evacuate Collection Set: 0.0ms
[2018-09-16T13:22:35.467-0800][gc,phases     ] GC(2)   Evacuate Collection Set: 8.6ms
[2018-09-16T13:22:35.467-0800][gc,phases     ] GC(2)   Post Evacuate Collection Set: 0.4ms
[2018-09-16T13:22:35.467-0800][gc,phases     ] GC(2)   Other: 0.3ms
[2018-09-16T13:22:35.467-0800][gc,heap       ] GC(2) Eden regions: 44->0(48)
[2018-09-16T13:22:35.467-0800][gc,heap       ] GC(2) Survivor regions: 7->3(7)
[2018-09-16T13:22:35.467-0800][gc,heap       ] GC(2) Old regions: 0->7
[2018-09-16T13:22:35.467-0800][gc,heap       ] GC(2) Humongous regions: 129->129
[2018-09-16T13:22:35.467-0800][gc,metaspace  ] GC(2) Metaspace: 30296K->30296K(1077248K)
[2018-09-16T13:22:35.467-0800][gc            ] GC(2) Pause Young (G1 Evacuation Pause) 179M->137M(1024M) 9.433ms
[2018-09-16T13:22:35.467-0800][gc,cpu        ] GC(2) User=0.03s Sys=0.00s Real=0.01s
[2018-09-16T13:22:35.788-0800][gc,start      ] GC(3) Pause Initial Mark (Metadata GC Threshold)
[2018-09-16T13:22:35.788-0800][gc,task       ] GC(3) Using 4 workers of 4 for evacuation
[2018-09-16T13:22:35.794-0800][gc,phases     ] GC(3)   Pre Evacuate Collection Set: 0.1ms
[2018-09-16T13:22:35.794-0800][gc,phases     ] GC(3)   Evacuate Collection Set: 5.0ms
[2018-09-16T13:22:35.794-0800][gc,phases     ] GC(3)   Post Evacuate Collection Set: 0.2ms
[2018-09-16T13:22:35.794-0800][gc,phases     ] GC(3)   Other: 0.3ms
[2018-09-16T13:22:35.794-0800][gc,heap       ] GC(3) Eden regions: 22->0(47)
[2018-09-16T13:22:35.794-0800][gc,heap       ] GC(3) Survivor regions: 3->4(7)
[2018-09-16T13:22:35.794-0800][gc,heap       ] GC(3) Old regions: 7->7
[2018-09-16T13:22:35.794-0800][gc,heap       ] GC(3) Humongous regions: 129->129
[2018-09-16T13:22:35.794-0800][gc,metaspace  ] GC(3) Metaspace: 34814K->34814K(1081344K)
[2018-09-16T13:22:35.794-0800][gc            ] GC(3) Pause Initial Mark (Metadata GC Threshold) 159M->138M(1024M) 5.729ms
[2018-09-16T13:22:35.794-0800][gc,cpu        ] GC(3) User=0.02s Sys=0.00s Real=0.01s
[2018-09-16T13:22:35.794-0800][gc            ] GC(4) Concurrent Cycle
[2018-09-16T13:22:35.794-0800][gc,marking    ] GC(4) Concurrent Clear Claimed Marks
[2018-09-16T13:22:35.794-0800][gc,marking    ] GC(4) Concurrent Clear Claimed Marks 0.066ms
[2018-09-16T13:22:35.794-0800][gc,marking    ] GC(4) Concurrent Scan Root Regions
[2018-09-16T13:22:35.797-0800][gc,marking    ] GC(4) Concurrent Scan Root Regions 2.899ms
[2018-09-16T13:22:35.797-0800][gc,marking    ] GC(4) Concurrent Mark (3.502s)
[2018-09-16T13:22:35.797-0800][gc,marking    ] GC(4) Concurrent Mark From Roots
[2018-09-16T13:22:35.797-0800][gc,task       ] GC(4) Using 1 workers of 1 for marking
[2018-09-16T13:22:35.808-0800][gc,marking    ] GC(4) Concurrent Mark From Roots 10.567ms
[2018-09-16T13:22:35.808-0800][gc,marking    ] GC(4) Concurrent Mark (3.502s, 3.513s) 10.639ms
[2018-09-16T13:22:35.808-0800][gc,start      ] GC(4) Pause Remark
[2018-09-16T13:22:35.813-0800][gc,stringtable] GC(4) Cleaned string and symbol table, strings: 12011 processed, 6 removed, symbols: 100427 processed, 23 removed
[2018-09-16T13:22:35.813-0800][gc            ] GC(4) Pause Remark 139M->139M(1024M) 5.007ms
[2018-09-16T13:22:35.813-0800][gc,cpu        ] GC(4) User=0.03s Sys=0.00s Real=0.01s
[2018-09-16T13:22:35.813-0800][gc,marking    ] GC(4) Concurrent Create Live Data
[2018-09-16T13:22:35.815-0800][gc,marking    ] GC(4) Concurrent Create Live Data 1.843ms
[2018-09-16T13:22:35.815-0800][gc,start      ] GC(4) Pause Cleanup
[2018-09-16T13:22:35.815-0800][gc            ] GC(4) Pause Cleanup 139M->139M(1024M) 0.341ms
[2018-09-16T13:22:35.815-0800][gc,cpu        ] GC(4) User=0.00s Sys=0.00s Real=0.00s
[2018-09-16T13:22:35.816-0800][gc,marking    ] GC(4) Concurrent Cleanup for Next Mark
[2018-09-16T13:22:35.824-0800][gc,marking    ] GC(4) Concurrent Cleanup for Next Mark 8.254ms
[2018-09-16T13:22:35.824-0800][gc            ] GC(4) Concurrent Cycle 29.842ms
[2018-09-16T13:26:20.367-0800][gc,start      ] GC(5) Pause Young (G1 Evacuation Pause)
[2018-09-16T13:26:20.367-0800][gc,task       ] GC(5) Using 4 workers of 4 for evacuation
[2018-09-16T13:26:20.375-0800][gc,phases     ] GC(5)   Pre Evacuate Collection Set: 0.0ms
[2018-09-16T13:26:20.375-0800][gc,phases     ] GC(5)   Evacuate Collection Set: 7.4ms
[2018-09-16T13:26:20.375-0800][gc,phases     ] GC(5)   Post Evacuate Collection Set: 0.3ms
[2018-09-16T13:26:20.375-0800][gc,phases     ] GC(5)   Other: 0.4ms
[2018-09-16T13:26:20.375-0800][gc,heap       ] GC(5) Eden regions: 47->0(45)
[2018-09-16T13:26:20.375-0800][gc,heap       ] GC(5) Survivor regions: 4->6(7)
[2018-09-16T13:26:20.375-0800][gc,heap       ] GC(5) Old regions: 7->7
[2018-09-16T13:26:20.375-0800][gc,heap       ] GC(5) Humongous regions: 129->129
[2018-09-16T13:26:20.375-0800][gc,metaspace  ] GC(5) Metaspace: 40075K->40075K(1085440K)
[2018-09-16T13:26:20.375-0800][gc            ] GC(5) Pause Young (G1 Evacuation Pause) 185M->141M(1024M) 8.304ms
[2018-09-16T13:26:20.375-0800][gc,cpu        ] GC(5) User=0.02s Sys=0.00s Real=0.01s
[2018-09-16T13:35:55.955-0800][gc,start      ] GC(6) Pause Young (G1 Evacuation Pause)
[2018-09-16T13:35:55.955-0800][gc,task       ] GC(6) Using 4 workers of 4 for evacuation
[2018-09-16T13:35:55.966-0800][gc,phases     ] GC(6)   Pre Evacuate Collection Set: 0.0ms
[2018-09-16T13:35:55.966-0800][gc,phases     ] GC(6)   Evacuate Collection Set: 10.1ms
[2018-09-16T13:35:55.966-0800][gc,phases     ] GC(6)   Post Evacuate Collection Set: 0.4ms
[2018-09-16T13:35:55.966-0800][gc,phases     ] GC(6)   Other: 0.6ms
[2018-09-16T13:35:55.966-0800][gc,heap       ] GC(6) Eden regions: 45->0(46)
[2018-09-16T13:35:55.966-0800][gc,heap       ] GC(6) Survivor regions: 6->5(7)
[2018-09-16T13:35:55.966-0800][gc,heap       ] GC(6) Old regions: 7->10
[2018-09-16T13:35:55.966-0800][gc,heap       ] GC(6) Humongous regions: 129->129
[2018-09-16T13:35:55.966-0800][gc,metaspace  ] GC(6) Metaspace: 41115K->41115K(1087488K)
[2018-09-16T13:35:55.966-0800][gc            ] GC(6) Pause Young (G1 Evacuation Pause) 186M->143M(1024M) 11.226ms
[2018-09-16T13:35:55.966-0800][gc,cpu        ] GC(6) User=0.03s Sys=0.01s Real=0.01s
[2018-09-16T13:44:35.688-0800][gc,start      ] GC(7) Pause Young (G1 Evacuation Pause)
[2018-09-16T13:44:35.688-0800][gc,task       ] GC(7) Using 4 workers of 4 for evacuation
[2018-09-16T13:44:35.698-0800][gc,phases     ] GC(7)   Pre Evacuate Collection Set: 0.0ms
[2018-09-16T13:44:35.698-0800][gc,phases     ] GC(7)   Evacuate Collection Set: 9.0ms
[2018-09-16T13:44:35.698-0800][gc,phases     ] GC(7)   Post Evacuate Collection Set: 0.3ms
[2018-09-16T13:44:35.698-0800][gc,phases     ] GC(7)   Other: 0.4ms
[2018-09-16T13:44:35.698-0800][gc,heap       ] GC(7) Eden regions: 46->0(48)
[2018-09-16T13:44:35.698-0800][gc,heap       ] GC(7) Survivor regions: 5->3(7)
[2018-09-16T13:44:35.698-0800][gc,heap       ] GC(7) Old regions: 10->12
[2018-09-16T13:44:35.698-0800][gc,heap       ] GC(7) Humongous regions: 129->129
[2018-09-16T13:44:35.698-0800][gc,metaspace  ] GC(7) Metaspace: 41359K->41359K(1087488K)
[2018-09-16T13:44:35.698-0800][gc            ] GC(7) Pause Young (G1 Evacuation Pause) 189M->143M(1024M) 9.799ms
[2018-09-16T13:44:35.698-0800][gc,cpu        ] GC(7) User=0.04s Sys=0.00s Real=0.01s
[2018-09-16T13:52:36.529-0800][gc,start      ] GC(8) Pause Young (G1 Evacuation Pause)
[2018-09-16T13:52:36.529-0800][gc,task       ] GC(8) Using 4 workers of 4 for evacuation
[2018-09-16T13:52:36.537-0800][gc,phases     ] GC(8)   Pre Evacuate Collection Set: 0.0ms
[2018-09-16T13:52:36.537-0800][gc,phases     ] GC(8)   Evacuate Collection Set: 6.9ms
[2018-09-16T13:52:36.537-0800][gc,phases     ] GC(8)   Post Evacuate Collection Set: 0.3ms
[2018-09-16T13:52:36.537-0800][gc,phases     ] GC(8)   Other: 0.5ms
[2018-09-16T13:52:36.537-0800][gc,heap       ] GC(8) Eden regions: 48->0(48)
[2018-09-16T13:52:36.537-0800][gc,heap       ] GC(8) Survivor regions: 3->3(7)
[2018-09-16T13:52:36.537-0800][gc,heap       ] GC(8) Old regions: 12->12
[2018-09-16T13:52:36.537-0800][gc,heap       ] GC(8) Humongous regions: 129->129
[2018-09-16T13:52:36.537-0800][gc,metaspace  ] GC(8) Metaspace: 41474K->41474K(1087488K)
[2018-09-16T13:52:36.537-0800][gc            ] GC(8) Pause Young (G1 Evacuation Pause) 191M->143M(1024M) 7.868ms
[2018-09-16T13:52:36.537-0800][gc,cpu        ] GC(8) User=0.03s Sys=0.00s Real=0.01s
[2018-09-16T14:17:02.551-0800][gc,start      ] GC(9) Pause Young (G1 Evacuation Pause)
[2018-09-16T14:17:02.552-0800][gc,task       ] GC(9) Using 4 workers of 4 for evacuation
[2018-09-16T14:17:02.557-0800][gc,phases     ] GC(9)   Pre Evacuate Collection Set: 0.0ms
[2018-09-16T14:17:02.557-0800][gc,phases     ] GC(9)   Evacuate Collection Set: 5.2ms
[2018-09-16T14:17:02.557-0800][gc,phases     ] GC(9)   Post Evacuate Collection Set: 0.3ms
[2018-09-16T14:17:02.557-0800][gc,phases     ] GC(9)   Other: 0.3ms
[2018-09-16T14:17:02.557-0800][gc,heap       ] GC(9) Eden regions: 48->0(48)
[2018-09-16T14:17:02.557-0800][gc,heap       ] GC(9) Survivor regions: 3->3(7)
[2018-09-16T14:17:02.557-0800][gc,heap       ] GC(9) Old regions: 12->12
[2018-09-16T14:17:02.557-0800][gc,heap       ] GC(9) Humongous regions: 129->129
[2018-09-16T14:17:02.557-0800][gc,metaspace  ] GC(9) Metaspace: 41668K->41668K(1087488K)
[2018-09-16T14:17:02.557-0800][gc            ] GC(9) Pause Young (G1 Evacuation Pause) 191M->143M(1024M) 5.986ms
[2018-09-16T14:17:02.557-0800][gc,cpu        ] GC(9) User=0.01s Sys=0.00s Real=0.00s
[2018-09-16T23:07:22.528-0800][gc,start      ] GC(10) Pause Young (G1 Evacuation Pause)
[2018-09-16T23:07:22.528-0800][gc,task       ] GC(10) Using 4 workers of 4 for evacuation
[2018-09-16T23:07:22.535-0800][gc,phases     ] GC(10)   Pre Evacuate Collection Set: 0.0ms
[2018-09-16T23:07:22.535-0800][gc,phases     ] GC(10)   Evacuate Collection Set: 6.6ms
[2018-09-16T23:07:22.535-0800][gc,phases     ] GC(10)   Post Evacuate Collection Set: 0.2ms
[2018-09-16T23:07:22.535-0800][gc,phases     ] GC(10)   Other: 0.3ms
[2018-09-16T23:07:22.535-0800][gc,heap       ] GC(10) Eden regions: 48->0(47)
[2018-09-16T23:07:22.535-0800][gc,heap       ] GC(10) Survivor regions: 3->4(7)
[2018-09-16T23:07:22.535-0800][gc,heap       ] GC(10) Old regions: 12->12
[2018-09-16T23:07:22.535-0800][gc,heap       ] GC(10) Humongous regions: 129->129
[2018-09-16T23:07:22.535-0800][gc,metaspace  ] GC(10) Metaspace: 41741K->41741K(1087488K)
[2018-09-16T23:07:22.535-0800][gc            ] GC(10) Pause Young (G1 Evacuation Pause) 191M->144M(1024M) 7.315ms
[2018-09-16T23:07:22.536-0800][gc,cpu        ] GC(10) User=0.02s Sys=0.00s Real=0.01s
[2018-09-17T00:14:38.930-0800][gc,start      ] GC(11) Pause Young (G1 Evacuation Pause)
[2018-09-17T00:14:38.930-0800][gc,task       ] GC(11) Using 4 workers of 4 for evacuation
[2018-09-17T00:14:38.938-0800][gc,phases     ] GC(11)   Pre Evacuate Collection Set: 0.0ms
[2018-09-17T00:14:38.938-0800][gc,phases     ] GC(11)   Evacuate Collection Set: 7.6ms
[2018-09-17T00:14:38.938-0800][gc,phases     ] GC(11)   Post Evacuate Collection Set: 0.2ms
[2018-09-17T00:14:38.938-0800][gc,phases     ] GC(11)   Other: 0.3ms
[2018-09-17T00:14:38.938-0800][gc,heap       ] GC(11) Eden regions: 47->0(47)
[2018-09-17T00:14:38.938-0800][gc,heap       ] GC(11) Survivor regions: 4->4(7)
[2018-09-17T00:14:38.938-0800][gc,heap       ] GC(11) Old regions: 12->13
[2018-09-17T00:14:38.938-0800][gc,heap       ] GC(11) Humongous regions: 129->129
[2018-09-17T00:14:38.938-0800][gc,metaspace  ] GC(11) Metaspace: 41776K->41776K(1087488K)
[2018-09-17T00:14:38.938-0800][gc            ] GC(11) Pause Young (G1 Evacuation Pause) 191M->144M(1024M) 8.194ms
[2018-09-17T00:14:38.938-0800][gc,cpu        ] GC(11) User=0.02s Sys=0.00s Real=0.00s
[2018-09-17T00:21:58.731-0800][gc,start      ] GC(12) Pause Young (G1 Evacuation Pause)
[2018-09-17T00:21:58.731-0800][gc,task       ] GC(12) Using 4 workers of 4 for evacuation
[2018-09-17T00:21:58.736-0800][gc,phases     ] GC(12)   Pre Evacuate Collection Set: 0.0ms
[2018-09-17T00:21:58.736-0800][gc,phases     ] GC(12)   Evacuate Collection Set: 4.7ms
[2018-09-17T00:21:58.736-0800][gc,phases     ] GC(12)   Post Evacuate Collection Set: 0.2ms
[2018-09-17T00:21:58.736-0800][gc,phases     ] GC(12)   Other: 0.5ms
[2018-09-17T00:21:58.736-0800][gc,heap       ] GC(12) Eden regions: 47->0(78)
[2018-09-17T00:21:58.736-0800][gc,heap       ] GC(12) Survivor regions: 4->4(7)
[2018-09-17T00:21:58.736-0800][gc,heap       ] GC(12) Old regions: 13->13
[2018-09-17T00:21:58.736-0800][gc,heap       ] GC(12) Humongous regions: 129->129
[2018-09-17T00:21:58.736-0800][gc,metaspace  ] GC(12) Metaspace: 41809K->41809K(1087488K)
[2018-09-17T00:21:58.736-0800][gc            ] GC(12) Pause Young (G1 Evacuation Pause) 191M->144M(1024M) 5.542ms
[2018-09-17T00:21:58.736-0800][gc,cpu        ] GC(12) User=0.03s Sys=0.00s Real=0.00s
[2018-09-17T00:34:12.015-0800][gc,start      ] GC(13) Pause Young (G1 Evacuation Pause)
[2018-09-17T00:34:12.018-0800][gc,task       ] GC(13) Using 4 workers of 4 for evacuation
[2018-09-17T00:34:12.027-0800][gc,phases     ] GC(13)   Pre Evacuate Collection Set: 0.0ms
[2018-09-17T00:34:12.027-0800][gc,phases     ] GC(13)   Evacuate Collection Set: 8.6ms
[2018-09-17T00:34:12.027-0800][gc,phases     ] GC(13)   Post Evacuate Collection Set: 0.2ms
[2018-09-17T00:34:12.027-0800][gc,phases     ] GC(13)   Other: 3.1ms
[2018-09-17T00:34:12.027-0800][gc,heap       ] GC(13) Eden regions: 78->0(78)
[2018-09-17T00:34:12.027-0800][gc,heap       ] GC(13) Survivor regions: 4->5(11)
[2018-09-17T00:34:12.027-0800][gc,heap       ] GC(13) Old regions: 13->13
[2018-09-17T00:34:12.027-0800][gc,heap       ] GC(13) Humongous regions: 129->129
[2018-09-17T00:34:12.027-0800][gc,metaspace  ] GC(13) Metaspace: 41851K->41851K(1087488K)
[2018-09-17T00:34:12.027-0800][gc            ] GC(13) Pause Young (G1 Evacuation Pause) 222M->145M(1024M) 12.078ms
[2018-09-17T00:34:12.027-0800][gc,cpu        ] GC(13) User=0.03s Sys=0.00s Real=0.01s
[2018-09-17T00:53:26.096-0800][gc,start      ] GC(14) Pause Young (G1 Evacuation Pause)
[2018-09-17T00:53:26.096-0800][gc,task       ] GC(14) Using 4 workers of 4 for evacuation
[2018-09-17T00:53:26.104-0800][gc,phases     ] GC(14)   Pre Evacuate Collection Set: 0.0ms
[2018-09-17T00:53:26.104-0800][gc,phases     ] GC(14)   Evacuate Collection Set: 7.9ms
[2018-09-17T00:53:26.104-0800][gc,phases     ] GC(14)   Post Evacuate Collection Set: 0.2ms
[2018-09-17T00:53:26.104-0800][gc,phases     ] GC(14)   Other: 0.3ms
[2018-09-17T00:53:26.104-0800][gc,heap       ] GC(14) Eden regions: 78->0(85)
[2018-09-17T00:53:26.105-0800][gc,heap       ] GC(14) Survivor regions: 5->5(11)
[2018-09-17T00:53:26.105-0800][gc,heap       ] GC(14) Old regions: 13->13
[2018-09-17T00:53:26.105-0800][gc,heap       ] GC(14) Humongous regions: 129->129
[2018-09-17T00:53:26.105-0800][gc,metaspace  ] GC(14) Metaspace: 41860K->41860K(1087488K)
[2018-09-17T00:53:26.105-0800][gc            ] GC(14) Pause Young (G1 Evacuation Pause) 223M->145M(1024M) 8.583ms
[2018-09-17T00:53:26.105-0800][gc,cpu        ] GC(14) User=0.03s Sys=0.00s Real=0.01s
[2018-09-17T01:07:07.639-0800][gc,start      ] GC(15) Pause Young (G1 Evacuation Pause)
[2018-09-17T01:07:07.640-0800][gc,task       ] GC(15) Using 4 workers of 4 for evacuation
[2018-09-17T01:07:07.649-0800][gc,phases     ] GC(15)   Pre Evacuate Collection Set: 0.0ms
[2018-09-17T01:07:07.649-0800][gc,phases     ] GC(15)   Evacuate Collection Set: 8.2ms
[2018-09-17T01:07:07.649-0800][gc,phases     ] GC(15)   Post Evacuate Collection Set: 0.2ms
[2018-09-17T01:07:07.649-0800][gc,phases     ] GC(15)   Other: 1.0ms
[2018-09-17T01:07:07.649-0800][gc,heap       ] GC(15) Eden regions: 85->0(97)
[2018-09-17T01:07:07.649-0800][gc,heap       ] GC(15) Survivor regions: 5->6(12)
[2018-09-17T01:07:07.649-0800][gc,heap       ] GC(15) Old regions: 13->13
[2018-09-17T01:07:07.649-0800][gc,heap       ] GC(15) Humongous regions: 129->129
[2018-09-17T01:07:07.649-0800][gc,metaspace  ] GC(15) Metaspace: 41878K->41878K(1087488K)
[2018-09-17T01:07:07.649-0800][gc            ] GC(15) Pause Young (G1 Evacuation Pause) 230M->146M(1024M) 9.550ms
[2018-09-17T01:07:07.649-0800][gc,cpu        ] GC(15) User=0.02s Sys=0.00s Real=0.01s
[2018-09-18T00:23:15.625-0800][gc,start      ] GC(16) Pause Young (G1 Evacuation Pause)
[2018-09-18T00:23:15.627-0800][gc,task       ] GC(16) Using 4 workers of 4 for evacuation
[2018-09-18T00:23:15.650-0800][gc,mmu        ] GC(16) MMU target violated: 21.0ms (20.0ms/21.0ms)
[2018-09-18T00:23:15.650-0800][gc,phases     ] GC(16)   Pre Evacuate Collection Set: 1.4ms
[2018-09-18T00:23:15.650-0800][gc,phases     ] GC(16)   Evacuate Collection Set: 21.0ms
[2018-09-18T00:23:15.650-0800][gc,phases     ] GC(16)   Post Evacuate Collection Set: 0.5ms
[2018-09-18T00:23:15.650-0800][gc,phases     ] GC(16)   Other: 2.5ms
[2018-09-18T00:23:15.650-0800][gc,heap       ] GC(16) Eden regions: 97->0(94)
[2018-09-18T00:23:15.650-0800][gc,heap       ] GC(16) Survivor regions: 6->6(13)
[2018-09-18T00:23:15.650-0800][gc,heap       ] GC(16) Old regions: 13->13
[2018-09-18T00:23:15.650-0800][gc,heap       ] GC(16) Humongous regions: 129->129
[2018-09-18T00:23:15.650-0800][gc,metaspace  ] GC(16) Metaspace: 42520K->42520K(1087488K)
[2018-09-18T00:23:15.650-0800][gc            ] GC(16) Pause Young (G1 Evacuation Pause) 243M->147M(1024M) 25.478ms
[2018-09-18T00:23:15.650-0800][gc,cpu        ] GC(16) User=0.03s Sys=0.04s Real=0.03s
[2018-09-18T00:38:36.397-0800][gc,start      ] GC(17) Pause Young (G1 Evacuation Pause)
[2018-09-18T00:38:36.397-0800][gc,task       ] GC(17) Using 4 workers of 4 for evacuation
[2018-09-18T00:38:36.406-0800][gc,phases     ] GC(17)   Pre Evacuate Collection Set: 0.0ms
[2018-09-18T00:38:36.406-0800][gc,phases     ] GC(17)   Evacuate Collection Set: 8.0ms
[2018-09-18T00:38:36.406-0800][gc,phases     ] GC(17)   Post Evacuate Collection Set: 0.2ms
[2018-09-18T00:38:36.406-0800][gc,phases     ] GC(17)   Other: 0.3ms
[2018-09-18T00:38:36.406-0800][gc,heap       ] GC(17) Eden regions: 94->0(98)
[2018-09-18T00:38:36.406-0800][gc,heap       ] GC(17) Survivor regions: 6->5(13)
[2018-09-18T00:38:36.406-0800][gc,heap       ] GC(17) Old regions: 13->13
[2018-09-18T00:38:36.406-0800][gc,heap       ] GC(17) Humongous regions: 129->129
[2018-09-18T00:38:36.406-0800][gc,metaspace  ] GC(17) Metaspace: 42527K->42527K(1087488K)
[2018-09-18T00:38:36.406-0800][gc            ] GC(17) Pause Young (G1 Evacuation Pause) 241M->146M(1024M) 8.787ms
[2018-09-18T00:38:36.406-0800][gc,cpu        ] GC(17) User=0.03s Sys=0.00s Real=0.01s
[2018-09-18T00:54:35.950-0800][gc,start      ] GC(18) Pause Young (G1 Evacuation Pause)
[2018-09-18T00:54:35.950-0800][gc,task       ] GC(18) Using 4 workers of 4 for evacuation
[2018-09-18T00:54:35.957-0800][gc,phases     ] GC(18)   Pre Evacuate Collection Set: 0.0ms
[2018-09-18T00:54:35.957-0800][gc,phases     ] GC(18)   Evacuate Collection Set: 6.4ms
[2018-09-18T00:54:35.957-0800][gc,phases     ] GC(18)   Post Evacuate Collection Set: 0.3ms
[2018-09-18T00:54:35.957-0800][gc,phases     ] GC(18)   Other: 0.4ms
[2018-09-18T00:54:35.957-0800][gc,heap       ] GC(18) Eden regions: 98->0(127)
[2018-09-18T00:54:35.957-0800][gc,heap       ] GC(18) Survivor regions: 5->5(13)
[2018-09-18T00:54:35.957-0800][gc,heap       ] GC(18) Old regions: 13->13
[2018-09-18T00:54:35.957-0800][gc,heap       ] GC(18) Humongous regions: 129->129
[2018-09-18T00:54:35.957-0800][gc,metaspace  ] GC(18) Metaspace: 42550K->42550K(1087488K)
[2018-09-18T00:54:35.957-0800][gc            ] GC(18) Pause Young (G1 Evacuation Pause) 244M->146M(1024M) 7.181ms
[2018-09-18T00:54:35.957-0800][gc,cpu        ] GC(18) User=0.02s Sys=0.00s Real=0.00s
[2018-09-19T00:14:35.813-0800][gc,start      ] GC(19) Pause Young (G1 Evacuation Pause)
[2018-09-19T00:14:35.814-0800][gc,task       ] GC(19) Using 4 workers of 4 for evacuation
[2018-09-19T00:14:35.846-0800][gc,mmu        ] GC(19) MMU target violated: 21.0ms (20.0ms/21.0ms)
[2018-09-19T00:14:35.846-0800][gc,phases     ] GC(19)   Pre Evacuate Collection Set: 1.8ms
[2018-09-19T00:14:35.846-0800][gc,phases     ] GC(19)   Evacuate Collection Set: 28.2ms
[2018-09-19T00:14:35.846-0800][gc,phases     ] GC(19)   Post Evacuate Collection Set: 0.5ms
[2018-09-19T00:14:35.846-0800][gc,phases     ] GC(19)   Other: 2.1ms
[2018-09-19T00:14:35.846-0800][gc,heap       ] GC(19) Eden regions: 127->0(74)
[2018-09-19T00:14:35.846-0800][gc,heap       ] GC(19) Survivor regions: 5->5(17)
[2018-09-19T00:14:35.846-0800][gc,heap       ] GC(19) Old regions: 13->13
[2018-09-19T00:14:35.846-0800][gc,heap       ] GC(19) Humongous regions: 129->129
[2018-09-19T00:14:35.846-0800][gc,metaspace  ] GC(19) Metaspace: 42811K->42811K(1089536K)
[2018-09-19T00:14:35.846-0800][gc            ] GC(19) Pause Young (G1 Evacuation Pause) 273M->146M(1024M) 32.679ms
[2018-09-19T00:14:35.846-0800][gc,cpu        ] GC(19) User=0.03s Sys=0.07s Real=0.03s
[2018-09-19T00:27:26.680-0800][gc,start      ] GC(20) Pause Young (G1 Evacuation Pause)
[2018-09-19T00:27:26.680-0800][gc,task       ] GC(20) Using 4 workers of 4 for evacuation
[2018-09-19T00:27:26.690-0800][gc,phases     ] GC(20)   Pre Evacuate Collection Set: 0.0ms
[2018-09-19T00:27:26.690-0800][gc,phases     ] GC(20)   Evacuate Collection Set: 10.3ms
[2018-09-19T00:27:26.690-0800][gc,phases     ] GC(20)   Post Evacuate Collection Set: 0.2ms
[2018-09-19T00:27:26.690-0800][gc,phases     ] GC(20)   Other: 0.4ms
[2018-09-19T00:27:26.690-0800][gc,heap       ] GC(20) Eden regions: 74->0(77)
[2018-09-19T00:27:26.690-0800][gc,heap       ] GC(20) Survivor regions: 5->6(10)
[2018-09-19T00:27:26.691-0800][gc,heap       ] GC(20) Old regions: 13->13
[2018-09-19T00:27:26.691-0800][gc,heap       ] GC(20) Humongous regions: 129->129
[2018-09-19T00:27:26.691-0800][gc,metaspace  ] GC(20) Metaspace: 42821K->42821K(1089536K)
[2018-09-19T00:27:26.691-0800][gc            ] GC(20) Pause Young (G1 Evacuation Pause) 220M->147M(1024M) 11.012ms
[2018-09-19T00:27:26.691-0800][gc,cpu        ] GC(20) User=0.03s Sys=0.00s Real=0.01s
[2018-09-19T00:40:17.685-0800][gc,start      ] GC(21) Pause Young (G1 Evacuation Pause)
[2018-09-19T00:40:17.685-0800][gc,task       ] GC(21) Using 4 workers of 4 for evacuation
[2018-09-19T00:40:17.691-0800][gc,phases     ] GC(21)   Pre Evacuate Collection Set: 0.0ms
[2018-09-19T00:40:17.691-0800][gc,phases     ] GC(21)   Evacuate Collection Set: 6.0ms
[2018-09-19T00:40:17.691-0800][gc,phases     ] GC(21)   Post Evacuate Collection Set: 0.2ms
[2018-09-19T00:40:17.692-0800][gc,phases     ] GC(21)   Other: 0.3ms
[2018-09-19T00:40:17.692-0800][gc,heap       ] GC(21) Eden regions: 77->0(100)
[2018-09-19T00:40:17.692-0800][gc,heap       ] GC(21) Survivor regions: 6->3(11)
[2018-09-19T00:40:17.692-0800][gc,heap       ] GC(21) Old regions: 13->13
[2018-09-19T00:40:17.692-0800][gc,heap       ] GC(21) Humongous regions: 129->129
[2018-09-19T00:40:17.692-0800][gc,metaspace  ] GC(21) Metaspace: 42822K->42822K(1089536K)
[2018-09-19T00:40:17.692-0800][gc            ] GC(21) Pause Young (G1 Evacuation Pause) 224M->144M(1024M) 6.765ms
[2018-09-19T00:40:17.692-0800][gc,cpu        ] GC(21) User=0.02s Sys=0.00s Real=0.01s
[2018-09-19T00:56:35.929-0800][gc,start      ] GC(22) Pause Young (G1 Evacuation Pause)
[2018-09-19T00:56:35.929-0800][gc,task       ] GC(22) Using 4 workers of 4 for evacuation
[2018-09-19T00:56:35.936-0800][gc,phases     ] GC(22)   Pre Evacuate Collection Set: 0.0ms
[2018-09-19T00:56:35.936-0800][gc,phases     ] GC(22)   Evacuate Collection Set: 7.1ms
[2018-09-19T00:56:35.936-0800][gc,phases     ] GC(22)   Post Evacuate Collection Set: 0.2ms
[2018-09-19T00:56:35.936-0800][gc,phases     ] GC(22)   Other: 0.2ms
[2018-09-19T00:56:35.936-0800][gc,heap       ] GC(22) Eden regions: 100->0(102)
[2018-09-19T00:56:35.936-0800][gc,heap       ] GC(22) Survivor regions: 3->6(13)
[2018-09-19T00:56:35.936-0800][gc,heap       ] GC(22) Old regions: 13->13
[2018-09-19T00:56:35.936-0800][gc,heap       ] GC(22) Humongous regions: 129->129
[2018-09-19T00:56:35.936-0800][gc,metaspace  ] GC(22) Metaspace: 42837K->42837K(1089536K)
[2018-09-19T00:56:35.936-0800][gc            ] GC(22) Pause Young (G1 Evacuation Pause) 244M->146M(1024M) 7.672ms
[2018-09-19T00:56:35.937-0800][gc,cpu        ] GC(22) User=0.03s Sys=0.01s Real=0.01s
[2018-09-19T03:33:18.750-0800][gc,start      ] GC(23) Pause Young (G1 Evacuation Pause)
[2018-09-19T03:33:18.752-0800][gc,task       ] GC(23) Using 4 workers of 4 for evacuation
[2018-09-19T03:33:18.778-0800][gc,mmu        ] GC(23) MMU target violated: 21.0ms (20.0ms/21.0ms)
[2018-09-19T03:33:18.778-0800][gc,phases     ] GC(23)   Pre Evacuate Collection Set: 1.7ms
[2018-09-19T03:33:18.778-0800][gc,phases     ] GC(23)   Evacuate Collection Set: 22.6ms
[2018-09-19T03:33:18.778-0800][gc,phases     ] GC(23)   Post Evacuate Collection Set: 0.6ms
[2018-09-19T03:33:18.778-0800][gc,phases     ] GC(23)   Other: 3.3ms
[2018-09-19T03:33:18.778-0800][gc,heap       ] GC(23) Eden regions: 102->0(85)
[2018-09-19T03:33:18.778-0800][gc,heap       ] GC(23) Survivor regions: 6->5(14)
[2018-09-19T03:33:18.778-0800][gc,heap       ] GC(23) Old regions: 13->13
[2018-09-19T03:33:18.778-0800][gc,heap       ] GC(23) Humongous regions: 129->129
[2018-09-19T03:33:18.778-0800][gc,metaspace  ] GC(23) Metaspace: 42858K->42858K(1089536K)
[2018-09-19T03:33:18.778-0800][gc            ] GC(23) Pause Young (G1 Evacuation Pause) 248M->146M(1024M) 28.197ms
[2018-09-19T03:33:18.778-0800][gc,cpu        ] GC(23) User=0.04s Sys=0.04s Real=0.02s
[2018-09-19T03:47:12.366-0800][gc,start      ] GC(24) Pause Young (G1 Evacuation Pause)
[2018-09-19T03:47:12.366-0800][gc,task       ] GC(24) Using 4 workers of 4 for evacuation
[2018-09-19T03:47:12.377-0800][gc,phases     ] GC(24)   Pre Evacuate Collection Set: 0.1ms
[2018-09-19T03:47:12.377-0800][gc,phases     ] GC(24)   Evacuate Collection Set: 10.4ms
[2018-09-19T03:47:12.377-0800][gc,phases     ] GC(24)   Post Evacuate Collection Set: 0.2ms
[2018-09-19T03:47:12.377-0800][gc,phases     ] GC(24)   Other: 0.4ms
[2018-09-19T03:47:12.377-0800][gc,heap       ] GC(24) Eden regions: 85->0(91)
[2018-09-19T03:47:12.377-0800][gc,heap       ] GC(24) Survivor regions: 5->6(12)
[2018-09-19T03:47:12.377-0800][gc,heap       ] GC(24) Old regions: 13->13
[2018-09-19T03:47:12.377-0800][gc,heap       ] GC(24) Humongous regions: 129->129
[2018-09-19T03:47:12.377-0800][gc,metaspace  ] GC(24) Metaspace: 42858K->42858K(1089536K)
[2018-09-19T03:47:12.377-0800][gc            ] GC(24) Pause Young (G1 Evacuation Pause) 231M->147M(1024M) 11.158ms
[2018-09-19T03:47:12.377-0800][gc,cpu        ] GC(24) User=0.04s Sys=0.00s Real=0.01s
[2018-09-19T05:44:27.259-0800][gc,start      ] GC(25) Pause Young (G1 Evacuation Pause)
[2018-09-19T05:44:27.259-0800][gc,task       ] GC(25) Using 4 workers of 4 for evacuation
[2018-09-19T05:44:25.165-0800][gc,mmu        ] GC(25) MMU target violated: 21.0ms (20.0ms/21.0ms)
[2018-09-19T05:44:25.165-0800][gc,phases     ] GC(25)   Pre Evacuate Collection Set: 1.6ms
[2018-09-19T05:44:25.165-0800][gc,phases     ] GC(25)   Evacuate Collection Set: 58.9ms
[2018-09-19T05:44:25.165-0800][gc,phases     ] GC(25)   Post Evacuate Collection Set: 9.9ms
[2018-09-19T05:44:25.165-0800][gc,phases     ] GC(25)   Other: 1.5ms
[2018-09-19T05:44:25.165-0800][gc,heap       ] GC(25) Eden regions: 91->0(46)
[2018-09-19T05:44:25.165-0800][gc,heap       ] GC(25) Survivor regions: 6->5(13)
[2018-09-19T05:44:25.165-0800][gc,heap       ] GC(25) Old regions: 13->14
[2018-09-19T05:44:25.165-0800][gc,heap       ] GC(25) Humongous regions: 129->129
[2018-09-19T05:44:25.165-0800][gc,metaspace  ] GC(25) Metaspace: 42876K->42876K(1089536K)
[2018-09-19T05:44:25.165-0800][gc            ] GC(25) Pause Young (G1 Evacuation Pause) 238M->146M(1024M) 72.230ms
[2018-09-19T05:44:25.165-0800][gc,cpu        ] GC(25) User=0.04s Sys=0.08s Real=-2.09s
[2018-09-19T15:53:46.482-0800][gc,start      ] GC(26) Pause Young (G1 Evacuation Pause)
[2018-09-19T15:53:46.482-0800][gc,task       ] GC(26) Using 4 workers of 4 for evacuation
[2018-09-19T15:53:46.539-0800][gc,mmu        ] GC(26) MMU target violated: 21.0ms (20.0ms/21.0ms)
[2018-09-19T15:53:46.540-0800][gc,phases     ] GC(26)   Pre Evacuate Collection Set: 2.0ms
[2018-09-19T15:53:46.540-0800][gc,phases     ] GC(26)   Evacuate Collection Set: 53.0ms
[2018-09-19T15:53:46.540-0800][gc,phases     ] GC(26)   Post Evacuate Collection Set: 0.6ms
[2018-09-19T15:53:46.540-0800][gc,phases     ] GC(26)   Other: 2.5ms
[2018-09-19T15:53:46.540-0800][gc,heap       ] GC(26) Eden regions: 46->0(47)
[2018-09-19T15:53:46.540-0800][gc,heap       ] GC(26) Survivor regions: 5->4(7)
[2018-09-19T15:53:46.540-0800][gc,heap       ] GC(26) Old regions: 14->14
[2018-09-19T15:53:46.540-0800][gc,heap       ] GC(26) Humongous regions: 129->129
[2018-09-19T15:53:46.540-0800][gc,metaspace  ] GC(26) Metaspace: 42904K->42904K(1089536K)
[2018-09-19T15:53:46.540-0800][gc            ] GC(26) Pause Young (G1 Evacuation Pause) 192M->146M(1024M) 58.124ms
[2018-09-19T15:53:46.540-0800][gc,cpu        ] GC(26) User=0.04s Sys=0.07s Real=0.06s
[2018-09-19T21:55:15.502-0800][gc,start      ] GC(27) Pause Young (G1 Evacuation Pause)
[2018-09-19T21:55:15.503-0800][gc,task       ] GC(27) Using 4 workers of 4 for evacuation
[2018-09-19T21:55:15.526-0800][gc,mmu        ] GC(27) MMU target violated: 21.0ms (20.0ms/21.0ms)
[2018-09-19T21:55:15.526-0800][gc,phases     ] GC(27)   Pre Evacuate Collection Set: 1.9ms
[2018-09-19T21:55:15.526-0800][gc,phases     ] GC(27)   Evacuate Collection Set: 19.2ms
[2018-09-19T21:55:15.526-0800][gc,phases     ] GC(27)   Post Evacuate Collection Set: 0.4ms
[2018-09-19T21:55:15.526-0800][gc,phases     ] GC(27)   Other: 2.5ms
[2018-09-19T21:55:15.526-0800][gc,heap       ] GC(27) Eden regions: 47->0(47)
[2018-09-19T21:55:15.526-0800][gc,heap       ] GC(27) Survivor regions: 4->4(7)
[2018-09-19T21:55:15.526-0800][gc,heap       ] GC(27) Old regions: 14->14
[2018-09-19T21:55:15.526-0800][gc,heap       ] GC(27) Humongous regions: 129->129
[2018-09-19T21:55:15.526-0800][gc,metaspace  ] GC(27) Metaspace: 42923K->42923K(1089536K)
[2018-09-19T21:55:15.526-0800][gc            ] GC(27) Pause Young (G1 Evacuation Pause) 193M->146M(1024M) 23.561ms
[2018-09-19T21:55:15.526-0800][gc,cpu        ] GC(27) User=0.03s Sys=0.03s Real=0.02s
[2018-09-19T22:03:14.017-0800][gc,start      ] GC(28) Pause Young (G1 Evacuation Pause)
[2018-09-19T22:03:14.017-0800][gc,task       ] GC(28) Using 4 workers of 4 for evacuation
[2018-09-19T22:03:14.025-0800][gc,phases     ] GC(28)   Pre Evacuate Collection Set: 0.0ms
[2018-09-19T22:03:14.025-0800][gc,phases     ] GC(28)   Evacuate Collection Set: 8.0ms
[2018-09-19T22:03:14.025-0800][gc,phases     ] GC(28)   Post Evacuate Collection Set: 0.3ms
[2018-09-19T22:03:14.025-0800][gc,phases     ] GC(28)   Other: 0.3ms
[2018-09-19T22:03:14.025-0800][gc,heap       ] GC(28) Eden regions: 47->0(47)
[2018-09-19T22:03:14.025-0800][gc,heap       ] GC(28) Survivor regions: 4->4(7)
[2018-09-19T22:03:14.025-0800][gc,heap       ] GC(28) Old regions: 14->15
[2018-09-19T22:03:14.025-0800][gc,heap       ] GC(28) Humongous regions: 129->129
[2018-09-19T22:03:14.025-0800][gc,metaspace  ] GC(28) Metaspace: 42947K->42947K(1089536K)
[2018-09-19T22:03:14.025-0800][gc            ] GC(28) Pause Young (G1 Evacuation Pause) 193M->146M(1024M) 8.837ms
[2018-09-19T22:03:14.025-0800][gc,cpu        ] GC(28) User=0.03s Sys=0.01s Real=0.01s
[2018-09-19T22:11:13.509-0800][gc,start      ] GC(29) Pause Young (G1 Evacuation Pause)
[2018-09-19T22:11:13.510-0800][gc,task       ] GC(29) Using 4 workers of 4 for evacuation
[2018-09-19T22:11:13.517-0800][gc,phases     ] GC(29)   Pre Evacuate Collection Set: 0.0ms
[2018-09-19T22:11:13.517-0800][gc,phases     ] GC(29)   Evacuate Collection Set: 7.3ms
[2018-09-19T22:11:13.518-0800][gc,phases     ] GC(29)   Post Evacuate Collection Set: 0.2ms
[2018-09-19T22:11:13.518-0800][gc,phases     ] GC(29)   Other: 0.4ms
[2018-09-19T22:11:13.518-0800][gc,heap       ] GC(29) Eden regions: 47->0(47)
[2018-09-19T22:11:13.518-0800][gc,heap       ] GC(29) Survivor regions: 4->4(7)
[2018-09-19T22:11:13.518-0800][gc,heap       ] GC(29) Old regions: 15->15
[2018-09-19T22:11:13.518-0800][gc,heap       ] GC(29) Humongous regions: 129->129
[2018-09-19T22:11:13.518-0800][gc,metaspace  ] GC(29) Metaspace: 42954K->42954K(1089536K)
[2018-09-19T22:11:13.518-0800][gc            ] GC(29) Pause Young (G1 Evacuation Pause) 193M->146M(1024M) 8.214ms
[2018-09-19T22:11:13.518-0800][gc,cpu        ] GC(29) User=0.03s Sys=0.00s Real=0.01s
[2018-09-19T22:20:40.042-0800][gc,start      ] GC(30) Pause Young (G1 Evacuation Pause)
[2018-09-19T22:20:40.042-0800][gc,task       ] GC(30) Using 4 workers of 4 for evacuation
[2018-09-19T22:20:40.049-0800][gc,phases     ] GC(30)   Pre Evacuate Collection Set: 0.0ms
[2018-09-19T22:20:40.049-0800][gc,phases     ] GC(30)   Evacuate Collection Set: 5.9ms
[2018-09-19T22:20:40.049-0800][gc,phases     ] GC(30)   Post Evacuate Collection Set: 0.3ms
[2018-09-19T22:20:40.049-0800][gc,phases     ] GC(30)   Other: 0.5ms
[2018-09-19T22:20:40.049-0800][gc,heap       ] GC(30) Eden regions: 47->0(49)
[2018-09-19T22:20:40.049-0800][gc,heap       ] GC(30) Survivor regions: 4->3(7)
[2018-09-19T22:20:40.049-0800][gc,heap       ] GC(30) Old regions: 15->15
[2018-09-19T22:20:40.049-0800][gc,heap       ] GC(30) Humongous regions: 129->129
[2018-09-19T22:20:40.049-0800][gc,metaspace  ] GC(30) Metaspace: 43013K->43013K(1089536K)
[2018-09-19T22:20:40.049-0800][gc            ] GC(30) Pause Young (G1 Evacuation Pause) 193M->146M(1024M) 6.901ms
[2018-09-19T22:20:40.049-0800][gc,cpu        ] GC(30) User=0.03s Sys=0.00s Real=0.00s
[2018-09-19T22:24:12.697-0800][gc,heap,exit  ] Heap
[2018-09-19T22:24:12.698-0800][gc,heap,exit  ]  garbage-first heap   total 1048576K, used 166099K [0x0000000780000000, 0x00000007c0000000)
[2018-09-19T22:24:12.698-0800][gc,heap,exit  ]   region size 1024K, 20 young (20480K), 3 survivors (3072K)
[2018-09-19T22:24:12.698-0800][gc,heap,exit  ]  Metaspace       used 43543K, capacity 45142K, committed 45516K, reserved 1089536K
[2018-09-19T22:24:12.698-0800][gc,heap,exit  ]   class space    used 5136K, capacity 5525K, committed 5580K, reserved 1048576K
