[2018-09-20T00:14:15.722-0800][gc,heap] Heap region size: 1M
[2018-09-20T00:14:15.728-0800][gc     ] Using G1
[2018-09-20T00:14:15.728-0800][gc,heap,coops] Heap address: 0x00000007a0000000, size: 512 MB, Compressed Oops mode: Zero based, Oop shift amount: 3
[2018-09-20T00:35:38.030-0800][gc,start     ] GC(0) Pause Young (G1 Evacuation Pause)
[2018-09-20T00:35:38.030-0800][gc,task      ] GC(0) Using 4 workers of 4 for evacuation
[2018-09-20T00:35:38.040-0800][gc,phases    ] GC(0)   Pre Evacuate Collection Set: 0.0ms
[2018-09-20T00:35:38.040-0800][gc,phases    ] GC(0)   Evacuate Collection Set: 9.2ms
[2018-09-20T00:35:38.040-0800][gc,phases    ] GC(0)   Post Evacuate Collection Set: 0.5ms
[2018-09-20T00:35:38.040-0800][gc,phases    ] GC(0)   Other: 0.5ms
[2018-09-20T00:35:38.040-0800][gc,heap      ] GC(0) Eden regions: 25->0(21)
[2018-09-20T00:35:38.040-0800][gc,heap      ] GC(0) Survivor regions: 0->4(4)
[2018-09-20T00:35:38.041-0800][gc,heap      ] GC(0) Old regions: 0->2
[2018-09-20T00:35:38.041-0800][gc,heap      ] GC(0) Humongous regions: 0->0
[2018-09-20T00:35:38.041-0800][gc,metaspace ] GC(0) Metaspace: 15172K->15172K(1062912K)
[2018-09-20T00:35:38.041-0800][gc           ] GC(0) Pause Young (G1 Evacuation Pause) 25M->5M(512M) 10.480ms
[2018-09-20T00:35:38.041-0800][gc,cpu       ] GC(0) User=0.03s Sys=0.00s Real=0.01s
[2018-09-22T00:01:35.142-0800][gc,start     ] GC(1) Pause Young (G1 Evacuation Pause)
[2018-09-22T00:01:35.144-0800][gc,task      ] GC(1) Using 4 workers of 4 for evacuation
[2018-09-22T00:01:35.164-0800][gc,phases    ] GC(1)   Pre Evacuate Collection Set: 1.0ms
[2018-09-22T00:01:35.164-0800][gc,phases    ] GC(1)   Evacuate Collection Set: 17.4ms
[2018-09-22T00:01:35.164-0800][gc,phases    ] GC(1)   Post Evacuate Collection Set: 0.7ms
[2018-09-22T00:01:35.164-0800][gc,phases    ] GC(1)   Other: 3.3ms
[2018-09-22T00:01:35.164-0800][gc,heap      ] GC(1) Eden regions: 21->0(24)
[2018-09-22T00:01:35.164-0800][gc,heap      ] GC(1) Survivor regions: 4->1(4)
[2018-09-22T00:01:35.164-0800][gc,heap      ] GC(1) Old regions: 2->6
[2018-09-22T00:01:35.164-0800][gc,heap      ] GC(1) Humongous regions: 0->0
[2018-09-22T00:01:35.164-0800][gc,metaspace ] GC(1) Metaspace: 15327K->15327K(1062912K)
[2018-09-22T00:01:35.164-0800][gc           ] GC(1) Pause Young (G1 Evacuation Pause) 26M->6M(512M) 22.531ms
[2018-09-22T00:01:35.164-0800][gc,cpu       ] GC(1) User=0.03s Sys=0.04s Real=0.02s
