[2018-09-15T18:58:44.964-0800][gc,heap] Heap region size: 1M
[2018-09-15T18:58:44.970-0800][gc     ] Using G1
[2018-09-15T18:58:44.970-0800][gc,heap,coops] Heap address: 0x00000007a0000000, size: 512 MB, Compressed Oops mode: Zero based, Oop shift amount: 3
[2018-09-16T11:46:05.305-0800][gc,start     ] GC(0) Pause Young (G1 Evacuation Pause)
[2018-09-16T11:46:05.306-0800][gc,task      ] GC(0) Using 4 workers of 4 for evacuation
[2018-09-16T11:46:05.332-0800][gc,mmu       ] GC(0) MMU target violated: 21.0ms (20.0ms/21.0ms)
[2018-09-16T11:46:05.333-0800][gc,phases    ] GC(0)   Pre Evacuate Collection Set: 0.8ms
[2018-09-16T11:46:05.333-0800][gc,phases    ] GC(0)   Evacuate Collection Set: 24.1ms
[2018-09-16T11:46:05.333-0800][gc,phases    ] GC(0)   Post Evacuate Collection Set: 1.0ms
[2018-09-16T11:46:05.333-0800][gc,phases    ] GC(0)   Other: 3.9ms
[2018-09-16T11:46:05.333-0800][gc,heap      ] GC(0) Eden regions: 25->0(21)
[2018-09-16T11:46:05.333-0800][gc,heap      ] GC(0) Survivor regions: 0->4(4)
[2018-09-16T11:46:05.333-0800][gc,heap      ] GC(0) Old regions: 0->2
[2018-09-16T11:46:05.333-0800][gc,heap      ] GC(0) Humongous regions: 0->0
[2018-09-16T11:46:05.333-0800][gc,metaspace ] GC(0) Metaspace: 15183K->15183K(1062912K)
[2018-09-16T11:46:05.333-0800][gc           ] GC(0) Pause Young (G1 Evacuation Pause) 25M->5M(512M) 27.913ms
[2018-09-16T11:46:05.333-0800][gc,cpu       ] GC(0) User=0.03s Sys=0.05s Real=0.03s
[2018-09-18T00:15:11.874-0800][gc,start     ] GC(1) Pause Young (G1 Evacuation Pause)
[2018-09-18T00:15:11.887-0800][gc,task      ] GC(1) Using 4 workers of 4 for evacuation
[2018-09-18T00:15:11.962-0800][gc,mmu       ] GC(1) MMU target violated: 21.0ms (20.0ms/21.0ms)
[2018-09-18T00:15:11.993-0800][gc,phases    ] GC(1)   Pre Evacuate Collection Set: 1.8ms
[2018-09-18T00:15:11.993-0800][gc,phases    ] GC(1)   Evacuate Collection Set: 25.7ms
[2018-09-18T00:15:11.993-0800][gc,phases    ] GC(1)   Post Evacuate Collection Set: 27.4ms
[2018-09-18T00:15:11.993-0800][gc,phases    ] GC(1)   Other: 89.5ms
[2018-09-18T00:15:11.993-0800][gc,heap      ] GC(1) Eden regions: 21->0(24)
[2018-09-18T00:15:11.993-0800][gc,heap      ] GC(1) Survivor regions: 4->1(4)
[2018-09-18T00:15:11.993-0800][gc,heap      ] GC(1) Old regions: 2->6
[2018-09-18T00:15:11.993-0800][gc,heap      ] GC(1) Humongous regions: 0->0
[2018-09-18T00:15:11.993-0800][gc,metaspace ] GC(1) Metaspace: 15342K->15342K(1062912K)
[2018-09-18T00:15:11.993-0800][gc           ] GC(1) Pause Young (G1 Evacuation Pause) 26M->5M(512M) 144.547ms
[2018-09-18T00:15:11.994-0800][gc,cpu       ] GC(1) User=0.02s Sys=0.03s Real=0.15s
[2018-09-19T22:18:07.344-0800][gc,heap,exit ] Heap
[2018-09-19T22:18:07.344-0800][gc,heap,exit ]  garbage-first heap   total 524288K, used 26301K [0x00000007a0000000, 0x00000007c0000000)
[2018-09-19T22:18:07.344-0800][gc,heap,exit ]   region size 1024K, 22 young (22528K), 1 survivors (1024K)
[2018-09-19T22:18:07.344-0800][gc,heap,exit ]  Metaspace       used 15424K, capacity 15746K, committed 16000K, reserved 1062912K
[2018-09-19T22:18:07.344-0800][gc,heap,exit ]   class space    used 1470K, capacity 1589K, committed 1664K, reserved 1048576K
