[2018-09-19T22:24:08.130-0800][gc,heap] Heap region size: 1M
[2018-09-19T22:24:08.135-0800][gc     ] Using G1
[2018-09-19T22:24:08.135-0800][gc,heap,coops] Heap address: 0x00000007a0000000, size: 512 MB, Compressed Oops mode: Zero based, Oop shift amount: 3
[2018-09-19T22:38:42.997-0800][gc,start     ] GC(0) Pause Young (G1 Evacuation Pause)
[2018-09-19T22:38:42.997-0800][gc,task      ] GC(0) Using 4 workers of 4 for evacuation
[2018-09-19T22:38:43.005-0800][gc,phases    ] GC(0)   Pre Evacuate Collection Set: 0.0ms
[2018-09-19T22:38:43.005-0800][gc,phases    ] GC(0)   Evacuate Collection Set: 8.0ms
[2018-09-19T22:38:43.005-0800][gc,phases    ] GC(0)   Post Evacuate Collection Set: 0.3ms
[2018-09-19T22:38:43.005-0800][gc,phases    ] GC(0)   Other: 0.3ms
[2018-09-19T22:38:43.005-0800][gc,heap      ] GC(0) Eden regions: 25->0(21)
[2018-09-19T22:38:43.005-0800][gc,heap      ] GC(0) Survivor regions: 0->4(4)
[2018-09-19T22:38:43.005-0800][gc,heap      ] GC(0) Old regions: 0->2
[2018-09-19T22:38:43.005-0800][gc,heap      ] GC(0) Humongous regions: 0->0
[2018-09-19T22:38:43.005-0800][gc,metaspace ] GC(0) Metaspace: 15196K->15196K(1062912K)
[2018-09-19T22:38:43.005-0800][gc           ] GC(0) Pause Young (G1 Evacuation Pause) 25M->5M(512M) 8.825ms
[2018-09-19T22:38:43.005-0800][gc,cpu       ] GC(0) User=0.02s Sys=0.00s Real=0.01s
[2018-09-19T22:38:43.007-0800][gc,heap,exit ] Heap
[2018-09-19T22:38:43.007-0800][gc,heap,exit ]  garbage-first heap   total 524288K, used 5658K [0x00000007a0000000, 0x00000007c0000000)
[2018-09-19T22:38:43.007-0800][gc,heap,exit ]   region size 1024K, 5 young (5120K), 4 survivors (4096K)
[2018-09-19T22:38:43.007-0800][gc,heap,exit ]  Metaspace       used 15207K, capacity 15550K, committed 15744K, reserved 1062912K
[2018-09-19T22:38:43.007-0800][gc,heap,exit ]   class space    used 1469K, capacity 1589K, committed 1664K, reserved 1048576K
